<html>
<body>
<pre>
<h1>礦ision Build Log</h1>
<h2>Tool Versions:</h2>
IDE-Version: μVision V5.27.1.0
Copyright (C) 2019 ARM Ltd and ARM Germany GmbH. All rights reserved.
License Information: bross admin, bross, LIC=KRMW3-AI1SD-2ZMW4-FI8J6-PB1K8-SMEFK
 
Tool Versions:
Toolchain:       MDK-ARM Plus  Version: 5.25.0.0
Toolchain Path:  C:\Keil_v5\ARM\ARMCC\Bin
C Compiler:      Armcc.exe V5.06 update 6 (build 750)
Assembler:       Armasm.exe V5.06 update 6 (build 750)
Linker/Locator:  ArmLink.exe V5.06 update 6 (build 750)
Library Manager: ArmAr.exe V5.06 update 6 (build 750)
Hex Converter:   FromElf.exe V5.06 update 6 (build 750)
CPU DLL:         SARMCM3.DLL V5.25.0.0
Dialog DLL:      DCM.DLL V1.17.0.0
Target DLL:      STLink\ST-LINKIII-KEIL_SWO.dll V3.0.1.0
Dialog DLL:      TCM.DLL V1.34.0.0
 
<h2>Project:</h2>
c:\Users\admin\Desktop\智能锁\工程文件\smart_lock.uvprojx
Project File Date:  01/16/2025

<h2>Output:</h2>
*** Using Compiler 'V5.06 update 6 (build 750)', folder: 'C:\Keil_v5\ARM\ARMCC\Bin'
Build target 'Target 1'
compiling function.c...
.\user\inc\led.h(15): warning:  #1-D: last line of file ends without a newline
  #endif
.\user\inc\main.h(60): warning:  #1-D: last line of file ends without a newline
  #endif
.\user\inc\usart.h(10): warning:  #1-D: last line of file ends without a newline
  #endif
.\user\inc\nvic.h(6): warning:  #1-D: last line of file ends without a newline
  #endif
.\user\inc\selfprintf.h(10): warning:  #1-D: last line of file ends without a newline
  #endif
.\user\inc\tim.h(10): warning:  #1-D: last line of file ends without a newline
  #endif
.\user\inc\delay.h(12): warning:  #1-D: last line of file ends without a newline
  #endif
.\user\inc\door.h(14): warning:  #1-D: last line of file ends without a newline
  #endif
.\user\inc\w25q64.h(30): warning:  #1-D: last line of file ends without a newline
  #endif
.\user\inc\lcd.h(26): warning:  #47-D: incompatible redefinition of macro "LCD_H"  (declared at line 2)
  #define LCD_H  240
.\user\inc\lcd.h(84): warning:  #1-D: last line of file ends without a newline
  #endif
.\user\inc\font.h(14): warning:  #1-D: last line of file ends without a newline
  #endif
.\user\inc\function.h(14): warning:  #1-D: last line of file ends without a newline
  #endif
.\user\inc\voice.h(52): warning:  #1-D: last line of file ends without a newline
  #endif
.\user\inc\iwdg.h(13): warning:  #1-D: last line of file ends without a newline
  #endif
.\user\inc\bs8116.h(27): warning:  #1-D: last line of file ends without a newline
  #endif
.\user\inc\main.h(60): warning:  #1-D: last line of file ends without a newline
  #endif
user\src\function.c(107): warning:  #167-D: argument of type "const unsigned char *" is incompatible with parameter of type "u8 *"
                  LCD_xy_clear(45-8,200-8,166,16,0xffff,1,gImage_systemPic);
user\src\function.c(117): warning:  #167-D: argument of type "const unsigned char *" is incompatible with parameter of type "u8 *"
                  LCD_xy_clear(70,130,100,16,0xffff,1,gImage_systemPic);
user\src\function.c(214): warning:  #940-D: missing return statement at end of non-void function "open_passward" 
  }
user\src\function.c(34): warning:  #550-D: variable "sta"  was set but never used
      u8 sta;
user\src\function.c(248): warning:  #1-D: last line of file ends without a newline
  }
user\src\function.c: 22 warnings, 0 errors
linking...
Program Size: Code=14954 RO-data=127542 RW-data=148 ZI-data=1780  
FromELF: creating hex file...
".\Objects\smart_lock.axf" - 0 Error(s), 22 Warning(s).

<h2>Software Packages used:</h2>

Package Vendor: Keil
                http://www.keil.com/pack/Keil.STM32F4xx_DFP.2.7.0.pack
                Keil.STM32F4xx_DFP.2.7.0
                STMicroelectronics STM32F4 Series Device Support, Drivers and Examples

<h2>Collection of Component include folders:</h2>
  .\RTE\_Target_1
  C:\Keil_v5\ARM\PACK\Keil\STM32F4xx_DFP\2.7.0\Drivers\CMSIS\Device\ST\STM32F4xx\Include

<h2>Collection of Component Files used:</h2>
Build Time Elapsed:  00:00:02
</pre>
</body>
</html>
