<html>
<body>
<pre>
<h1>礦ision Build Log</h1>
<h2>Tool Versions:</h2>
IDE-Version: μVision V5.27.1.0
Copyright (C) 2019 ARM Ltd and ARM Germany GmbH. All rights reserved.
License Information: bross admin, bross, LIC=KRMW3-AI1SD-2ZMW4-FI8J6-PB1K8-SMEFK
 
Tool Versions:
Toolchain:       MDK-ARM Plus  Version: 5.25.0.0
Toolchain Path:  C:\Keil_v5\ARM\ARMCC\Bin
C Compiler:      Armcc.exe V5.06 update 6 (build 750)
Assembler:       Armasm.exe V5.06 update 6 (build 750)
Linker/Locator:  ArmLink.exe V5.06 update 6 (build 750)
Library Manager: ArmAr.exe V5.06 update 6 (build 750)
Hex Converter:   FromElf.exe V5.06 update 6 (build 750)
CPU DLL:         SARMCM3.DLL V5.25.0.0
Dialog DLL:      DCM.DLL V1.17.0.0
Target DLL:      STLink\ST-LINKIII-KEIL_SWO.dll V3.0.1.0
Dialog DLL:      TCM.DLL V1.34.0.0
 
<h2>Project:</h2>
c:\Users\admin\Desktop\智能锁项目文件夹\智能锁\工程文件\smart_lock.uvprojx
Project File Date:  02/15/2025

<h2>Output:</h2>
*** Using Compiler 'V5.06 update 6 (build 750)', folder: 'C:\Keil_v5\ARM\ARMCC\Bin'
Build target 'Target 1'
compiling led.c...
.\user\inc\led.h(15): warning:  #1-D: last line of file ends without a newline
  #endif
.\user\inc\usart.h(16): warning:  #1-D: last line of file ends without a newline
  #endif
.\user\inc\nvic.h(6): warning:  #1-D: last line of file ends without a newline
  #endif
.\user\inc\selfprintf.h(10): warning:  #1-D: last line of file ends without a newline
  #endif
.\user\inc\delay.h(12): warning:  #1-D: last line of file ends without a newline
  #endif
.\user\inc\door.h(14): warning:  #1-D: last line of file ends without a newline
  #endif
.\user\inc\w25q64.h(30): warning:  #1-D: last line of file ends without a newline
  #endif
.\user\inc\lcd.h(26): warning:  #47-D: incompatible redefinition of macro "LCD_H"  (declared at line 2)
  #define LCD_H  240
.\user\inc\lcd.h(84): warning:  #1-D: last line of file ends without a newline
  #endif
.\user\inc\font.h(14): warning:  #1-D: last line of file ends without a newline
  #endif
.\user\inc\voice.h(52): warning:  #1-D: last line of file ends without a newline
  #endif
.\user\inc\iwdg.h(13): warning:  #1-D: last line of file ends without a newline
  #endif
.\user\inc\bs8116.h(27): warning:  #1-D: last line of file ends without a newline
  #endif
.\user\inc\mg200.h(38): warning:  #1-D: last line of file ends without a newline
  #endif
.\user\inc\rc522.h(199): warning:  #1295-D: Deprecated declaration Test_MFRC522 - give arg types
  unsigned char Test_MFRC522();
.\user\inc\rc522.h(200): warning:  #1295-D: Deprecated declaration Test_ChangeSector15Password - give arg types
  void Test_ChangeSector15Password();
.\user\inc\rc522.h(208): warning:  #1-D: last line of file ends without a newline
  #endif
.\user\inc\scheduledTasks.h(7): warning:  #1-D: last line of file ends without a newline
  #endif
user\src\led.c(28): warning:  #1-D: last line of file ends without a newline
  }
user\src\led.c: 19 warnings, 0 errors
compiling key.c...
.\user\inc\led.h(15): warning:  #1-D: last line of file ends without a newline
  #endif
.\user\inc\usart.h(16): warning:  #1-D: last line of file ends without a newline
  #endif
.\user\inc\nvic.h(6): warning:  #1-D: last line of file ends without a newline
  #endif
.\user\inc\selfprintf.h(10): warning:  #1-D: last line of file ends without a newline
  #endif
.\user\inc\delay.h(12): warning:  #1-D: last line of file ends without a newline
  #endif
.\user\inc\door.h(14): warning:  #1-D: last line of file ends without a newline
  #endif
.\user\inc\w25q64.h(30): warning:  #1-D: last line of file ends without a newline
  #endif
.\user\inc\lcd.h(26): warning:  #47-D: incompatible redefinition of macro "LCD_H"  (declared at line 2)
  #define LCD_H  240
.\user\inc\lcd.h(84): warning:  #1-D: last line of file ends without a newline
  #endif
.\user\inc\font.h(14): warning:  #1-D: last line of file ends without a newline
  #endif
.\user\inc\voice.h(52): warning:  #1-D: last line of file ends without a newline
  #endif
.\user\inc\iwdg.h(13): warning:  #1-D: last line of file ends without a newline
  #endif
.\user\inc\bs8116.h(27): warning:  #1-D: last line of file ends without a newline
  #endif
.\user\inc\mg200.h(38): warning:  #1-D: last line of file ends without a newline
  #endif
.\user\inc\rc522.h(199): warning:  #1295-D: Deprecated declaration Test_MFRC522 - give arg types
  unsigned char Test_MFRC522();
.\user\inc\rc522.h(200): warning:  #1295-D: Deprecated declaration Test_ChangeSector15Password - give arg types
  void Test_ChangeSector15Password();
.\user\inc\rc522.h(208): warning:  #1-D: last line of file ends without a newline
  #endif
.\user\inc\scheduledTasks.h(7): warning:  #1-D: last line of file ends without a newline
  #endif
user\src\key.c(70): warning:  #1-D: last line of file ends without a newline
  }
user\src\key.c: 19 warnings, 0 errors
compiling main.c...
.\user\inc\led.h(15): warning:  #1-D: last line of file ends without a newline
  #endif
.\user\inc\usart.h(16): warning:  #1-D: last line of file ends without a newline
  #endif
.\user\inc\nvic.h(6): warning:  #1-D: last line of file ends without a newline
  #endif
.\user\inc\selfprintf.h(10): warning:  #1-D: last line of file ends without a newline
  #endif
.\user\inc\delay.h(12): warning:  #1-D: last line of file ends without a newline
  #endif
.\user\inc\door.h(14): warning:  #1-D: last line of file ends without a newline
  #endif
.\user\inc\w25q64.h(30): warning:  #1-D: last line of file ends without a newline
  #endif
.\user\inc\lcd.h(26): warning:  #47-D: incompatible redefinition of macro "LCD_H"  (declared at line 2)
  #define LCD_H  240
.\user\inc\lcd.h(84): warning:  #1-D: last line of file ends without a newline
  #endif
.\user\inc\font.h(14): warning:  #1-D: last line of file ends without a newline
  #endif
.\user\inc\voice.h(52): warning:  #1-D: last line of file ends without a newline
  #endif
.\user\inc\iwdg.h(13): warning:  #1-D: last line of file ends without a newline
  #endif
.\user\inc\bs8116.h(27): warning:  #1-D: last line of file ends without a newline
  #endif
.\user\inc\mg200.h(38): warning:  #1-D: last line of file ends without a newline
  #endif
.\user\inc\rc522.h(199): warning:  #1295-D: Deprecated declaration Test_MFRC522 - give arg types
  unsigned char Test_MFRC522();
.\user\inc\rc522.h(200): warning:  #1295-D: Deprecated declaration Test_ChangeSector15Password - give arg types
  void Test_ChangeSector15Password();
.\user\inc\rc522.h(208): warning:  #1-D: last line of file ends without a newline
  #endif
.\user\inc\scheduledTasks.h(7): warning:  #1-D: last line of file ends without a newline
  #endif
user\src\main.c: 18 warnings, 0 errors
compiling nvic.c...
.\user\inc\led.h(15): warning:  #1-D: last line of file ends without a newline
  #endif
.\user\inc\usart.h(16): warning:  #1-D: last line of file ends without a newline
  #endif
.\user\inc\nvic.h(6): warning:  #1-D: last line of file ends without a newline
  #endif
.\user\inc\selfprintf.h(10): warning:  #1-D: last line of file ends without a newline
  #endif
.\user\inc\delay.h(12): warning:  #1-D: last line of file ends without a newline
  #endif
.\user\inc\door.h(14): warning:  #1-D: last line of file ends without a newline
  #endif
.\user\inc\w25q64.h(30): warning:  #1-D: last line of file ends without a newline
  #endif
.\user\inc\lcd.h(26): warning:  #47-D: incompatible redefinition of macro "LCD_H"  (declared at line 2)
  #define LCD_H  240
.\user\inc\lcd.h(84): warning:  #1-D: last line of file ends without a newline
  #endif
.\user\inc\font.h(14): warning:  #1-D: last line of file ends without a newline
  #endif
.\user\inc\voice.h(52): warning:  #1-D: last line of file ends without a newline
  #endif
.\user\inc\iwdg.h(13): warning:  #1-D: last line of file ends without a newline
  #endif
.\user\inc\bs8116.h(27): warning:  #1-D: last line of file ends without a newline
  #endif
.\user\inc\mg200.h(38): warning:  #1-D: last line of file ends without a newline
  #endif
.\user\inc\rc522.h(199): warning:  #1295-D: Deprecated declaration Test_MFRC522 - give arg types
  unsigned char Test_MFRC522();
.\user\inc\rc522.h(200): warning:  #1295-D: Deprecated declaration Test_ChangeSector15Password - give arg types
  void Test_ChangeSector15Password();
.\user\inc\rc522.h(208): warning:  #1-D: last line of file ends without a newline
  #endif
.\user\inc\scheduledTasks.h(7): warning:  #1-D: last line of file ends without a newline
  #endif
user\src\nvic.c(86): warning:  #260-D: explicit type is missing ("int" assumed)
  TIM1_BRK_TIM9_IRQHandler(void){
user\src\nvic.c: 19 warnings, 0 errors
compiling selfprintf.c...
.\user\inc\led.h(15): warning:  #1-D: last line of file ends without a newline
  #endif
.\user\inc\usart.h(16): warning:  #1-D: last line of file ends without a newline
  #endif
.\user\inc\nvic.h(6): warning:  #1-D: last line of file ends without a newline
  #endif
.\user\inc\selfprintf.h(10): warning:  #1-D: last line of file ends without a newline
  #endif
.\user\inc\delay.h(12): warning:  #1-D: last line of file ends without a newline
  #endif
.\user\inc\door.h(14): warning:  #1-D: last line of file ends without a newline
  #endif
.\user\inc\w25q64.h(30): warning:  #1-D: last line of file ends without a newline
  #endif
.\user\inc\lcd.h(26): warning:  #47-D: incompatible redefinition of macro "LCD_H"  (declared at line 2)
  #define LCD_H  240
.\user\inc\lcd.h(84): warning:  #1-D: last line of file ends without a newline
  #endif
.\user\inc\font.h(14): warning:  #1-D: last line of file ends without a newline
  #endif
.\user\inc\voice.h(52): warning:  #1-D: last line of file ends without a newline
  #endif
.\user\inc\iwdg.h(13): warning:  #1-D: last line of file ends without a newline
  #endif
.\user\inc\bs8116.h(27): warning:  #1-D: last line of file ends without a newline
  #endif
.\user\inc\mg200.h(38): warning:  #1-D: last line of file ends without a newline
  #endif
.\user\inc\rc522.h(199): warning:  #1295-D: Deprecated declaration Test_MFRC522 - give arg types
  unsigned char Test_MFRC522();
.\user\inc\rc522.h(200): warning:  #1295-D: Deprecated declaration Test_ChangeSector15Password - give arg types
  void Test_ChangeSector15Password();
.\user\inc\rc522.h(208): warning:  #1-D: last line of file ends without a newline
  #endif
.\user\inc\scheduledTasks.h(7): warning:  #1-D: last line of file ends without a newline
  #endif
user\src\selfprintf.c(26): warning:  #1-D: last line of file ends without a newline
  }
user\src\selfprintf.c: 19 warnings, 0 errors
compiling usart.c...
.\user\inc\led.h(15): warning:  #1-D: last line of file ends without a newline
  #endif
.\user\inc\usart.h(16): warning:  #1-D: last line of file ends without a newline
  #endif
.\user\inc\nvic.h(6): warning:  #1-D: last line of file ends without a newline
  #endif
.\user\inc\selfprintf.h(10): warning:  #1-D: last line of file ends without a newline
  #endif
.\user\inc\delay.h(12): warning:  #1-D: last line of file ends without a newline
  #endif
.\user\inc\door.h(14): warning:  #1-D: last line of file ends without a newline
  #endif
.\user\inc\w25q64.h(30): warning:  #1-D: last line of file ends without a newline
  #endif
.\user\inc\lcd.h(26): warning:  #47-D: incompatible redefinition of macro "LCD_H"  (declared at line 2)
  #define LCD_H  240
.\user\inc\lcd.h(84): warning:  #1-D: last line of file ends without a newline
  #endif
.\user\inc\font.h(14): warning:  #1-D: last line of file ends without a newline
  #endif
.\user\inc\voice.h(52): warning:  #1-D: last line of file ends without a newline
  #endif
.\user\inc\iwdg.h(13): warning:  #1-D: last line of file ends without a newline
  #endif
.\user\inc\bs8116.h(27): warning:  #1-D: last line of file ends without a newline
  #endif
.\user\inc\mg200.h(38): warning:  #1-D: last line of file ends without a newline
  #endif
.\user\inc\rc522.h(199): warning:  #1295-D: Deprecated declaration Test_MFRC522 - give arg types
  unsigned char Test_MFRC522();
.\user\inc\rc522.h(200): warning:  #1295-D: Deprecated declaration Test_ChangeSector15Password - give arg types
  void Test_ChangeSector15Password();
.\user\inc\rc522.h(208): warning:  #1-D: last line of file ends without a newline
  #endif
.\user\inc\scheduledTasks.h(7): warning:  #1-D: last line of file ends without a newline
  #endif
user\src\usart.c: 18 warnings, 0 errors
compiling door.c...
.\user\inc\led.h(15): warning:  #1-D: last line of file ends without a newline
  #endif
.\user\inc\usart.h(16): warning:  #1-D: last line of file ends without a newline
  #endif
.\user\inc\nvic.h(6): warning:  #1-D: last line of file ends without a newline
  #endif
.\user\inc\selfprintf.h(10): warning:  #1-D: last line of file ends without a newline
  #endif
.\user\inc\delay.h(12): warning:  #1-D: last line of file ends without a newline
  #endif
.\user\inc\door.h(14): warning:  #1-D: last line of file ends without a newline
  #endif
.\user\inc\w25q64.h(30): warning:  #1-D: last line of file ends without a newline
  #endif
.\user\inc\lcd.h(26): warning:  #47-D: incompatible redefinition of macro "LCD_H"  (declared at line 2)
  #define LCD_H  240
.\user\inc\lcd.h(84): warning:  #1-D: last line of file ends without a newline
  #endif
.\user\inc\font.h(14): warning:  #1-D: last line of file ends without a newline
  #endif
.\user\inc\voice.h(52): warning:  #1-D: last line of file ends without a newline
  #endif
.\user\inc\iwdg.h(13): warning:  #1-D: last line of file ends without a newline
  #endif
.\user\inc\bs8116.h(27): warning:  #1-D: last line of file ends without a newline
  #endif
.\user\inc\mg200.h(38): warning:  #1-D: last line of file ends without a newline
  #endif
.\user\inc\rc522.h(199): warning:  #1295-D: Deprecated declaration Test_MFRC522 - give arg types
  unsigned char Test_MFRC522();
.\user\inc\rc522.h(200): warning:  #1295-D: Deprecated declaration Test_ChangeSector15Password - give arg types
  void Test_ChangeSector15Password();
.\user\inc\rc522.h(208): warning:  #1-D: last line of file ends without a newline
  #endif
.\user\inc\scheduledTasks.h(7): warning:  #1-D: last line of file ends without a newline
  #endif
user\src\door.c: 18 warnings, 0 errors
compiling delay.c...
.\user\inc\led.h(15): warning:  #1-D: last line of file ends without a newline
  #endif
.\user\inc\usart.h(16): warning:  #1-D: last line of file ends without a newline
  #endif
.\user\inc\nvic.h(6): warning:  #1-D: last line of file ends without a newline
  #endif
.\user\inc\selfprintf.h(10): warning:  #1-D: last line of file ends without a newline
  #endif
.\user\inc\delay.h(12): warning:  #1-D: last line of file ends without a newline
  #endif
.\user\inc\door.h(14): warning:  #1-D: last line of file ends without a newline
  #endif
.\user\inc\w25q64.h(30): warning:  #1-D: last line of file ends without a newline
  #endif
.\user\inc\lcd.h(26): warning:  #47-D: incompatible redefinition of macro "LCD_H"  (declared at line 2)
  #define LCD_H  240
.\user\inc\lcd.h(84): warning:  #1-D: last line of file ends without a newline
  #endif
.\user\inc\font.h(14): warning:  #1-D: last line of file ends without a newline
  #endif
.\user\inc\voice.h(52): warning:  #1-D: last line of file ends without a newline
  #endif
.\user\inc\iwdg.h(13): warning:  #1-D: last line of file ends without a newline
  #endif
.\user\inc\bs8116.h(27): warning:  #1-D: last line of file ends without a newline
  #endif
.\user\inc\mg200.h(38): warning:  #1-D: last line of file ends without a newline
  #endif
.\user\inc\rc522.h(199): warning:  #1295-D: Deprecated declaration Test_MFRC522 - give arg types
  unsigned char Test_MFRC522();
.\user\inc\rc522.h(200): warning:  #1295-D: Deprecated declaration Test_ChangeSector15Password - give arg types
  void Test_ChangeSector15Password();
.\user\inc\rc522.h(208): warning:  #1-D: last line of file ends without a newline
  #endif
.\user\inc\scheduledTasks.h(7): warning:  #1-D: last line of file ends without a newline
  #endif
user\src\delay.c(108): warning:  #1-D: last line of file ends without a newline
  }
user\src\delay.c: 19 warnings, 0 errors
compiling tim.c...
.\user\inc\led.h(15): warning:  #1-D: last line of file ends without a newline
  #endif
.\user\inc\usart.h(16): warning:  #1-D: last line of file ends without a newline
  #endif
.\user\inc\nvic.h(6): warning:  #1-D: last line of file ends without a newline
  #endif
.\user\inc\selfprintf.h(10): warning:  #1-D: last line of file ends without a newline
  #endif
.\user\inc\delay.h(12): warning:  #1-D: last line of file ends without a newline
  #endif
.\user\inc\door.h(14): warning:  #1-D: last line of file ends without a newline
  #endif
.\user\inc\w25q64.h(30): warning:  #1-D: last line of file ends without a newline
  #endif
.\user\inc\lcd.h(26): warning:  #47-D: incompatible redefinition of macro "LCD_H"  (declared at line 2)
  #define LCD_H  240
.\user\inc\lcd.h(84): warning:  #1-D: last line of file ends without a newline
  #endif
.\user\inc\font.h(14): warning:  #1-D: last line of file ends without a newline
  #endif
.\user\inc\voice.h(52): warning:  #1-D: last line of file ends without a newline
  #endif
.\user\inc\iwdg.h(13): warning:  #1-D: last line of file ends without a newline
  #endif
.\user\inc\bs8116.h(27): warning:  #1-D: last line of file ends without a newline
  #endif
.\user\inc\mg200.h(38): warning:  #1-D: last line of file ends without a newline
  #endif
.\user\inc\rc522.h(199): warning:  #1295-D: Deprecated declaration Test_MFRC522 - give arg types
  unsigned char Test_MFRC522();
.\user\inc\rc522.h(200): warning:  #1295-D: Deprecated declaration Test_ChangeSector15Password - give arg types
  void Test_ChangeSector15Password();
.\user\inc\rc522.h(208): warning:  #1-D: last line of file ends without a newline
  #endif
.\user\inc\scheduledTasks.h(7): warning:  #1-D: last line of file ends without a newline
  #endif
user\src\tim.c(151): warning:  #1-D: last line of file ends without a newline
  }
user\src\tim.c: 19 warnings, 0 errors
compiling w25q64.c...
.\user\inc\led.h(15): warning:  #1-D: last line of file ends without a newline
  #endif
.\user\inc\usart.h(16): warning:  #1-D: last line of file ends without a newline
  #endif
.\user\inc\nvic.h(6): warning:  #1-D: last line of file ends without a newline
  #endif
.\user\inc\selfprintf.h(10): warning:  #1-D: last line of file ends without a newline
  #endif
.\user\inc\delay.h(12): warning:  #1-D: last line of file ends without a newline
  #endif
.\user\inc\door.h(14): warning:  #1-D: last line of file ends without a newline
  #endif
.\user\inc\w25q64.h(30): warning:  #1-D: last line of file ends without a newline
  #endif
.\user\inc\lcd.h(26): warning:  #47-D: incompatible redefinition of macro "LCD_H"  (declared at line 2)
  #define LCD_H  240
.\user\inc\lcd.h(84): warning:  #1-D: last line of file ends without a newline
  #endif
.\user\inc\font.h(14): warning:  #1-D: last line of file ends without a newline
  #endif
.\user\inc\voice.h(52): warning:  #1-D: last line of file ends without a newline
  #endif
.\user\inc\iwdg.h(13): warning:  #1-D: last line of file ends without a newline
  #endif
.\user\inc\bs8116.h(27): warning:  #1-D: last line of file ends without a newline
  #endif
.\user\inc\mg200.h(38): warning:  #1-D: last line of file ends without a newline
  #endif
.\user\inc\rc522.h(199): warning:  #1295-D: Deprecated declaration Test_MFRC522 - give arg types
  unsigned char Test_MFRC522();
.\user\inc\rc522.h(200): warning:  #1295-D: Deprecated declaration Test_ChangeSector15Password - give arg types
  void Test_ChangeSector15Password();
.\user\inc\rc522.h(208): warning:  #1-D: last line of file ends without a newline
  #endif
.\user\inc\scheduledTasks.h(7): warning:  #1-D: last line of file ends without a newline
  #endif
user\src\w25q64.c: 18 warnings, 0 errors
compiling at24cxx.c...
.\user\inc\led.h(15): warning:  #1-D: last line of file ends without a newline
  #endif
.\user\inc\usart.h(16): warning:  #1-D: last line of file ends without a newline
  #endif
.\user\inc\nvic.h(6): warning:  #1-D: last line of file ends without a newline
  #endif
.\user\inc\selfprintf.h(10): warning:  #1-D: last line of file ends without a newline
  #endif
.\user\inc\delay.h(12): warning:  #1-D: last line of file ends without a newline
  #endif
.\user\inc\door.h(14): warning:  #1-D: last line of file ends without a newline
  #endif
.\user\inc\w25q64.h(30): warning:  #1-D: last line of file ends without a newline
  #endif
.\user\inc\lcd.h(26): warning:  #47-D: incompatible redefinition of macro "LCD_H"  (declared at line 2)
  #define LCD_H  240
.\user\inc\lcd.h(84): warning:  #1-D: last line of file ends without a newline
  #endif
.\user\inc\font.h(14): warning:  #1-D: last line of file ends without a newline
  #endif
.\user\inc\voice.h(52): warning:  #1-D: last line of file ends without a newline
  #endif
.\user\inc\iwdg.h(13): warning:  #1-D: last line of file ends without a newline
  #endif
.\user\inc\bs8116.h(27): warning:  #1-D: last line of file ends without a newline
  #endif
.\user\inc\mg200.h(38): warning:  #1-D: last line of file ends without a newline
  #endif
.\user\inc\rc522.h(199): warning:  #1295-D: Deprecated declaration Test_MFRC522 - give arg types
  unsigned char Test_MFRC522();
.\user\inc\rc522.h(200): warning:  #1295-D: Deprecated declaration Test_ChangeSector15Password - give arg types
  void Test_ChangeSector15Password();
.\user\inc\rc522.h(208): warning:  #1-D: last line of file ends without a newline
  #endif
.\user\inc\scheduledTasks.h(7): warning:  #1-D: last line of file ends without a newline
  #endif
user\src\at24cxx.c: 18 warnings, 0 errors
compiling lcd.c...
.\user\inc\led.h(15): warning:  #1-D: last line of file ends without a newline
  #endif
.\user\inc\usart.h(16): warning:  #1-D: last line of file ends without a newline
  #endif
.\user\inc\nvic.h(6): warning:  #1-D: last line of file ends without a newline
  #endif
.\user\inc\selfprintf.h(10): warning:  #1-D: last line of file ends without a newline
  #endif
.\user\inc\delay.h(12): warning:  #1-D: last line of file ends without a newline
  #endif
.\user\inc\door.h(14): warning:  #1-D: last line of file ends without a newline
  #endif
.\user\inc\w25q64.h(30): warning:  #1-D: last line of file ends without a newline
  #endif
.\user\inc\lcd.h(26): warning:  #47-D: incompatible redefinition of macro "LCD_H"  (declared at line 2)
  #define LCD_H  240
.\user\inc\lcd.h(84): warning:  #1-D: last line of file ends without a newline
  #endif
.\user\inc\font.h(14): warning:  #1-D: last line of file ends without a newline
  #endif
.\user\inc\voice.h(52): warning:  #1-D: last line of file ends without a newline
  #endif
.\user\inc\iwdg.h(13): warning:  #1-D: last line of file ends without a newline
  #endif
.\user\inc\bs8116.h(27): warning:  #1-D: last line of file ends without a newline
  #endif
.\user\inc\mg200.h(38): warning:  #1-D: last line of file ends without a newline
  #endif
.\user\inc\rc522.h(199): warning:  #1295-D: Deprecated declaration Test_MFRC522 - give arg types
  unsigned char Test_MFRC522();
.\user\inc\rc522.h(200): warning:  #1295-D: Deprecated declaration Test_ChangeSector15Password - give arg types
  void Test_ChangeSector15Password();
.\user\inc\rc522.h(208): warning:  #1-D: last line of file ends without a newline
  #endif
.\user\inc\scheduledTasks.h(7): warning:  #1-D: last line of file ends without a newline
  #endif
user\src\lcd.c: 18 warnings, 0 errors
compiling font.c...
.\user\inc\led.h(15): warning:  #1-D: last line of file ends without a newline
  #endif
.\user\inc\usart.h(16): warning:  #1-D: last line of file ends without a newline
  #endif
.\user\inc\nvic.h(6): warning:  #1-D: last line of file ends without a newline
  #endif
.\user\inc\selfprintf.h(10): warning:  #1-D: last line of file ends without a newline
  #endif
.\user\inc\delay.h(12): warning:  #1-D: last line of file ends without a newline
  #endif
.\user\inc\door.h(14): warning:  #1-D: last line of file ends without a newline
  #endif
.\user\inc\w25q64.h(30): warning:  #1-D: last line of file ends without a newline
  #endif
.\user\inc\lcd.h(26): warning:  #47-D: incompatible redefinition of macro "LCD_H"  (declared at line 2)
  #define LCD_H  240
.\user\inc\lcd.h(84): warning:  #1-D: last line of file ends without a newline
  #endif
.\user\inc\font.h(14): warning:  #1-D: last line of file ends without a newline
  #endif
.\user\inc\voice.h(52): warning:  #1-D: last line of file ends without a newline
  #endif
.\user\inc\iwdg.h(13): warning:  #1-D: last line of file ends without a newline
  #endif
.\user\inc\bs8116.h(27): warning:  #1-D: last line of file ends without a newline
  #endif
.\user\inc\mg200.h(38): warning:  #1-D: last line of file ends without a newline
  #endif
.\user\inc\rc522.h(199): warning:  #1295-D: Deprecated declaration Test_MFRC522 - give arg types
  unsigned char Test_MFRC522();
.\user\inc\rc522.h(200): warning:  #1295-D: Deprecated declaration Test_ChangeSector15Password - give arg types
  void Test_ChangeSector15Password();
.\user\inc\rc522.h(208): warning:  #1-D: last line of file ends without a newline
  #endif
.\user\inc\scheduledTasks.h(7): warning:  #1-D: last line of file ends without a newline
  #endif
user\src\font.c: 18 warnings, 0 errors
compiling voice.c...
.\user\inc\led.h(15): warning:  #1-D: last line of file ends without a newline
  #endif
.\user\inc\usart.h(16): warning:  #1-D: last line of file ends without a newline
  #endif
.\user\inc\nvic.h(6): warning:  #1-D: last line of file ends without a newline
  #endif
.\user\inc\selfprintf.h(10): warning:  #1-D: last line of file ends without a newline
  #endif
.\user\inc\delay.h(12): warning:  #1-D: last line of file ends without a newline
  #endif
.\user\inc\door.h(14): warning:  #1-D: last line of file ends without a newline
  #endif
.\user\inc\w25q64.h(30): warning:  #1-D: last line of file ends without a newline
  #endif
.\user\inc\lcd.h(26): warning:  #47-D: incompatible redefinition of macro "LCD_H"  (declared at line 2)
  #define LCD_H  240
.\user\inc\lcd.h(84): warning:  #1-D: last line of file ends without a newline
  #endif
.\user\inc\font.h(14): warning:  #1-D: last line of file ends without a newline
  #endif
.\user\inc\voice.h(52): warning:  #1-D: last line of file ends without a newline
  #endif
.\user\inc\iwdg.h(13): warning:  #1-D: last line of file ends without a newline
  #endif
.\user\inc\bs8116.h(27): warning:  #1-D: last line of file ends without a newline
  #endif
.\user\inc\mg200.h(38): warning:  #1-D: last line of file ends without a newline
  #endif
.\user\inc\rc522.h(199): warning:  #1295-D: Deprecated declaration Test_MFRC522 - give arg types
  unsigned char Test_MFRC522();
.\user\inc\rc522.h(200): warning:  #1295-D: Deprecated declaration Test_ChangeSector15Password - give arg types
  void Test_ChangeSector15Password();
.\user\inc\rc522.h(208): warning:  #1-D: last line of file ends without a newline
  #endif
.\user\inc\scheduledTasks.h(7): warning:  #1-D: last line of file ends without a newline
  #endif
user\src\voice.c: 18 warnings, 0 errors
compiling function.c...
.\user\inc\led.h(15): warning:  #1-D: last line of file ends without a newline
  #endif
.\user\inc\usart.h(16): warning:  #1-D: last line of file ends without a newline
  #endif
.\user\inc\nvic.h(6): warning:  #1-D: last line of file ends without a newline
  #endif
.\user\inc\selfprintf.h(10): warning:  #1-D: last line of file ends without a newline
  #endif
.\user\inc\delay.h(12): warning:  #1-D: last line of file ends without a newline
  #endif
.\user\inc\door.h(14): warning:  #1-D: last line of file ends without a newline
  #endif
.\user\inc\w25q64.h(30): warning:  #1-D: last line of file ends without a newline
  #endif
.\user\inc\lcd.h(26): warning:  #47-D: incompatible redefinition of macro "LCD_H"  (declared at line 2)
  #define LCD_H  240
.\user\inc\lcd.h(84): warning:  #1-D: last line of file ends without a newline
  #endif
.\user\inc\font.h(14): warning:  #1-D: last line of file ends without a newline
  #endif
.\user\inc\voice.h(52): warning:  #1-D: last line of file ends without a newline
  #endif
.\user\inc\iwdg.h(13): warning:  #1-D: last line of file ends without a newline
  #endif
.\user\inc\bs8116.h(27): warning:  #1-D: last line of file ends without a newline
  #endif
.\user\inc\mg200.h(38): warning:  #1-D: last line of file ends without a newline
  #endif
.\user\inc\rc522.h(199): warning:  #1295-D: Deprecated declaration Test_MFRC522 - give arg types
  unsigned char Test_MFRC522();
.\user\inc\rc522.h(200): warning:  #1295-D: Deprecated declaration Test_ChangeSector15Password - give arg types
  void Test_ChangeSector15Password();
.\user\inc\rc522.h(208): warning:  #1-D: last line of file ends without a newline
  #endif
.\user\inc\scheduledTasks.h(7): warning:  #1-D: last line of file ends without a newline
  #endif
user\src\function.c(41): warning:  #177-D: variable "color_flag"  was declared but never referenced
      static int color_flag = 0;
user\src\function.c(173): warning:  #167-D: argument of type "const unsigned char *" is incompatible with parameter of type "u8 *"
                  LCD_xy_clear(45-8,200-8,166,16,0xffff,1,gImage_systemPic);
user\src\function.c(183): warning:  #167-D: argument of type "const unsigned char *" is incompatible with parameter of type "u8 *"
                  LCD_xy_clear(70,130,100,16,0xffff,1,gImage_systemPic);
user\src\function.c(391): warning:  #167-D: argument of type "u8 (*)[4]" is incompatible with parameter of type "u8 *"
  		AT24C0x_read_bytes(31,sizeof(picc),picc);
user\src\function.c(533): warning:  #177-D: variable "y"  was declared but never referenced
  	static u8 x=45,y=95;
user\src\function.c(725): warning:  #260-D: explicit type is missing ("int" assumed)
  	static mg200_register_sta = 1;
user\src\function.c(830): warning:  #260-D: explicit type is missing ("int" assumed)
  	static mg200_erase_sta = 1;
user\src\function.c(835): warning:  #177-D: variable "mg200_ID"  was declared but never referenced
  	u8 mg200_ID;
user\src\function.c(1143): warning:  #167-D: argument of type "u8 (*)[4]" is incompatible with parameter of type "u8 *"
  			AT24C0x_write_bytes(31,sizeof(picc),picc,AT24C04);
user\src\function.c(1204): warning:  #167-D: argument of type "u8 (*)[4]" is incompatible with parameter of type "u8 *"
  		AT24C0x_read_bytes(31,sizeof(picc),picc);
user\src\function.c(1305): warning:  #167-D: argument of type "u8 (*)[4]" is incompatible with parameter of type "u8 *"
  				AT24C0x_write_bytes(31,sizeof(picc),picc,AT24C04);
user\src\function.c(1360): warning:  #167-D: argument of type "u8 (*)[4]" is incompatible with parameter of type "u8 *"
  		AT24C0x_read_bytes(31,sizeof(picc),picc);
user\src\function.c(1396): warning:  #167-D: argument of type "u8 (*)[4]" is incompatible with parameter of type "u8 *"
  			AT24C0x_write_bytes(31,sizeof(picc),picc,AT24C04);
user\src\function.c(1463): warning:  #167-D: argument of type "u8 (*)[4]" is incompatible with parameter of type "u8 *"
  		AT24C0x_write_bytes(31,sizeof(picc),picc,AT24C04);
user\src\function.c(1527): warning:  #167-D: argument of type "u8 (*)[4]" is incompatible with parameter of type "u8 *"
  		AT24C0x_read_bytes(31,sizeof(picc),picc);
user\src\function.c(1639): warning:  #167-D: argument of type "u8 (*)[4]" is incompatible with parameter of type "u8 *"
  		AT24C0x_write_bytes(31,sizeof(picc),picc,AT24C04);
user\src\function.c(1749): warning:  #167-D: argument of type "const unsigned char *" is incompatible with parameter of type "u8 *"
  			LCD_xy_clear(60+set_data.voice*30,90,150-set_data.voice*30, 30,0xff,1,gImage_systemPic);
user\src\function.c(1767): warning:  #167-D: argument of type "int" is incompatible with parameter of type "u8 *"
  			LCD_xy_clear(60,148,set_data.light*30,30,LGRAY,0,0xff);
user\src\function.c(1767): warning:  #152-D: conversion of nonzero integer to pointer
  			LCD_xy_clear(60,148,set_data.light*30,30,LGRAY,0,0xff);
user\src\function.c(1781): warning:  #167-D: argument of type "const unsigned char *" is incompatible with parameter of type "u8 *"
  			LCD_xy_clear(60+set_data.light*30,148,150-set_data.light*30,30,LGRAY,1,gImage_systemPic);
user\src\function.c: 38 warnings, 0 errors
compiling iwdg.c...
.\user\inc\led.h(15): warning:  #1-D: last line of file ends without a newline
  #endif
.\user\inc\usart.h(16): warning:  #1-D: last line of file ends without a newline
  #endif
.\user\inc\nvic.h(6): warning:  #1-D: last line of file ends without a newline
  #endif
.\user\inc\selfprintf.h(10): warning:  #1-D: last line of file ends without a newline
  #endif
.\user\inc\delay.h(12): warning:  #1-D: last line of file ends without a newline
  #endif
.\user\inc\door.h(14): warning:  #1-D: last line of file ends without a newline
  #endif
.\user\inc\w25q64.h(30): warning:  #1-D: last line of file ends without a newline
  #endif
.\user\inc\lcd.h(26): warning:  #47-D: incompatible redefinition of macro "LCD_H"  (declared at line 2)
  #define LCD_H  240
.\user\inc\lcd.h(84): warning:  #1-D: last line of file ends without a newline
  #endif
.\user\inc\font.h(14): warning:  #1-D: last line of file ends without a newline
  #endif
.\user\inc\voice.h(52): warning:  #1-D: last line of file ends without a newline
  #endif
.\user\inc\iwdg.h(13): warning:  #1-D: last line of file ends without a newline
  #endif
.\user\inc\bs8116.h(27): warning:  #1-D: last line of file ends without a newline
  #endif
.\user\inc\mg200.h(38): warning:  #1-D: last line of file ends without a newline
  #endif
.\user\inc\rc522.h(199): warning:  #1295-D: Deprecated declaration Test_MFRC522 - give arg types
  unsigned char Test_MFRC522();
.\user\inc\rc522.h(200): warning:  #1295-D: Deprecated declaration Test_ChangeSector15Password - give arg types
  void Test_ChangeSector15Password();
.\user\inc\rc522.h(208): warning:  #1-D: last line of file ends without a newline
  #endif
.\user\inc\scheduledTasks.h(7): warning:  #1-D: last line of file ends without a newline
  #endif
user\src\iwdg.c(30): warning:  #1-D: last line of file ends without a newline
  }
user\src\iwdg.c: 19 warnings, 0 errors
compiling bs8116.c...
.\user\inc\led.h(15): warning:  #1-D: last line of file ends without a newline
  #endif
.\user\inc\usart.h(16): warning:  #1-D: last line of file ends without a newline
  #endif
.\user\inc\nvic.h(6): warning:  #1-D: last line of file ends without a newline
  #endif
.\user\inc\selfprintf.h(10): warning:  #1-D: last line of file ends without a newline
  #endif
.\user\inc\delay.h(12): warning:  #1-D: last line of file ends without a newline
  #endif
.\user\inc\door.h(14): warning:  #1-D: last line of file ends without a newline
  #endif
.\user\inc\w25q64.h(30): warning:  #1-D: last line of file ends without a newline
  #endif
.\user\inc\lcd.h(26): warning:  #47-D: incompatible redefinition of macro "LCD_H"  (declared at line 2)
  #define LCD_H  240
.\user\inc\lcd.h(84): warning:  #1-D: last line of file ends without a newline
  #endif
.\user\inc\font.h(14): warning:  #1-D: last line of file ends without a newline
  #endif
.\user\inc\voice.h(52): warning:  #1-D: last line of file ends without a newline
  #endif
.\user\inc\iwdg.h(13): warning:  #1-D: last line of file ends without a newline
  #endif
.\user\inc\bs8116.h(27): warning:  #1-D: last line of file ends without a newline
  #endif
.\user\inc\mg200.h(38): warning:  #1-D: last line of file ends without a newline
  #endif
.\user\inc\rc522.h(199): warning:  #1295-D: Deprecated declaration Test_MFRC522 - give arg types
  unsigned char Test_MFRC522();
.\user\inc\rc522.h(200): warning:  #1295-D: Deprecated declaration Test_ChangeSector15Password - give arg types
  void Test_ChangeSector15Password();
.\user\inc\rc522.h(208): warning:  #1-D: last line of file ends without a newline
  #endif
.\user\inc\scheduledTasks.h(7): warning:  #1-D: last line of file ends without a newline
  #endif
user\src\bs8116.c(275): warning:  #223-D: function "BS8116_Writeregister" declared implicitly
  	BS8116_Writeregister(write_buff);
user\src\bs8116.c(256): warning:  #177-D: variable "register_buff"  was declared but never referenced
  	u8 register_buff[21] = {0};
user\src\bs8116.c(297): warning:  #159-D: declaration is incompatible with previous "BS8116_Writeregister"  (declared at line 275)
  u8 BS8116_Writeregister(u8 *cmd_buff)
user\src\bs8116.c(468): warning:  #111-D: statement is unreachable
  		case 0X0001:return   '1';break;
user\src\bs8116.c(469): warning:  #111-D: statement is unreachable
  		case 0X0400:return   '2';break;
user\src\bs8116.c(470): warning:  #111-D: statement is unreachable
  		case 0X0080:return   '3';break;     
user\src\bs8116.c(471): warning:  #111-D: statement is unreachable
  		case 0X0002:return   '4';break;
user\src\bs8116.c(472): warning:  #111-D: statement is unreachable
  		case 0x0800:return   '5';break;
user\src\bs8116.c(473): warning:  #111-D: statement is unreachable
  		case 0X0040:return   '6';break;
user\src\bs8116.c(474): warning:  #111-D: statement is unreachable
  		case 0X0008:return   '7';break;
user\src\bs8116.c(475): warning:  #111-D: statement is unreachable
  		case 0X0100:return   '8';break;
user\src\bs8116.c(476): warning:  #111-D: statement is unreachable
  		case 0X0020:return   '9';break;
user\src\bs8116.c(477): warning:  #111-D: statement is unreachable
  		case 0X0004:return   '*';break;
user\src\bs8116.c(478): warning:  #111-D: statement is unreachable
  		case 0X0200:return   '0';break;
user\src\bs8116.c(479): warning:  #111-D: statement is unreachable
  		case 0X0010:return   '#';break;
user\src\bs8116.c: 33 warnings, 0 errors
compiling rtc.c...
.\user\inc\led.h(15): warning:  #1-D: last line of file ends without a newline
  #endif
.\user\inc\usart.h(16): warning:  #1-D: last line of file ends without a newline
  #endif
.\user\inc\nvic.h(6): warning:  #1-D: last line of file ends without a newline
  #endif
.\user\inc\selfprintf.h(10): warning:  #1-D: last line of file ends without a newline
  #endif
.\user\inc\delay.h(12): warning:  #1-D: last line of file ends without a newline
  #endif
.\user\inc\door.h(14): warning:  #1-D: last line of file ends without a newline
  #endif
.\user\inc\w25q64.h(30): warning:  #1-D: last line of file ends without a newline
  #endif
.\user\inc\lcd.h(26): warning:  #47-D: incompatible redefinition of macro "LCD_H"  (declared at line 2)
  #define LCD_H  240
.\user\inc\lcd.h(84): warning:  #1-D: last line of file ends without a newline
  #endif
.\user\inc\font.h(14): warning:  #1-D: last line of file ends without a newline
  #endif
.\user\inc\voice.h(52): warning:  #1-D: last line of file ends without a newline
  #endif
.\user\inc\iwdg.h(13): warning:  #1-D: last line of file ends without a newline
  #endif
.\user\inc\bs8116.h(27): warning:  #1-D: last line of file ends without a newline
  #endif
.\user\inc\mg200.h(38): warning:  #1-D: last line of file ends without a newline
  #endif
.\user\inc\rc522.h(199): warning:  #1295-D: Deprecated declaration Test_MFRC522 - give arg types
  unsigned char Test_MFRC522();
.\user\inc\rc522.h(200): warning:  #1295-D: Deprecated declaration Test_ChangeSector15Password - give arg types
  void Test_ChangeSector15Password();
.\user\inc\rc522.h(208): warning:  #1-D: last line of file ends without a newline
  #endif
.\user\inc\scheduledTasks.h(7): warning:  #1-D: last line of file ends without a newline
  #endif
user\src\rtc.c: 18 warnings, 0 errors
compiling mg200.c...
.\user\inc\led.h(15): warning:  #1-D: last line of file ends without a newline
  #endif
.\user\inc\usart.h(16): warning:  #1-D: last line of file ends without a newline
  #endif
.\user\inc\nvic.h(6): warning:  #1-D: last line of file ends without a newline
  #endif
.\user\inc\selfprintf.h(10): warning:  #1-D: last line of file ends without a newline
  #endif
.\user\inc\delay.h(12): warning:  #1-D: last line of file ends without a newline
  #endif
.\user\inc\door.h(14): warning:  #1-D: last line of file ends without a newline
  #endif
.\user\inc\w25q64.h(30): warning:  #1-D: last line of file ends without a newline
  #endif
.\user\inc\lcd.h(26): warning:  #47-D: incompatible redefinition of macro "LCD_H"  (declared at line 2)
  #define LCD_H  240
.\user\inc\lcd.h(84): warning:  #1-D: last line of file ends without a newline
  #endif
.\user\inc\font.h(14): warning:  #1-D: last line of file ends without a newline
  #endif
.\user\inc\voice.h(52): warning:  #1-D: last line of file ends without a newline
  #endif
.\user\inc\iwdg.h(13): warning:  #1-D: last line of file ends without a newline
  #endif
.\user\inc\bs8116.h(27): warning:  #1-D: last line of file ends without a newline
  #endif
.\user\inc\mg200.h(38): warning:  #1-D: last line of file ends without a newline
  #endif
.\user\inc\rc522.h(199): warning:  #1295-D: Deprecated declaration Test_MFRC522 - give arg types
  unsigned char Test_MFRC522();
.\user\inc\rc522.h(200): warning:  #1295-D: Deprecated declaration Test_ChangeSector15Password - give arg types
  void Test_ChangeSector15Password();
.\user\inc\rc522.h(208): warning:  #1-D: last line of file ends without a newline
  #endif
.\user\inc\scheduledTasks.h(7): warning:  #1-D: last line of file ends without a newline
  #endif
user\src\mg200.c(144): warning:  #9-D: nested comment is not allowed
   * /***********************************************
user\src\mg200.c: 19 warnings, 0 errors
compiling esp32.c...
.\user\inc\led.h(15): warning:  #1-D: last line of file ends without a newline
  #endif
.\user\inc\usart.h(16): warning:  #1-D: last line of file ends without a newline
  #endif
.\user\inc\nvic.h(6): warning:  #1-D: last line of file ends without a newline
  #endif
.\user\inc\selfprintf.h(10): warning:  #1-D: last line of file ends without a newline
  #endif
.\user\inc\delay.h(12): warning:  #1-D: last line of file ends without a newline
  #endif
.\user\inc\door.h(14): warning:  #1-D: last line of file ends without a newline
  #endif
.\user\inc\w25q64.h(30): warning:  #1-D: last line of file ends without a newline
  #endif
.\user\inc\lcd.h(26): warning:  #47-D: incompatible redefinition of macro "LCD_H"  (declared at line 2)
  #define LCD_H  240
.\user\inc\lcd.h(84): warning:  #1-D: last line of file ends without a newline
  #endif
.\user\inc\font.h(14): warning:  #1-D: last line of file ends without a newline
  #endif
.\user\inc\voice.h(52): warning:  #1-D: last line of file ends without a newline
  #endif
.\user\inc\iwdg.h(13): warning:  #1-D: last line of file ends without a newline
  #endif
.\user\inc\bs8116.h(27): warning:  #1-D: last line of file ends without a newline
  #endif
.\user\inc\mg200.h(38): warning:  #1-D: last line of file ends without a newline
  #endif
.\user\inc\rc522.h(199): warning:  #1295-D: Deprecated declaration Test_MFRC522 - give arg types
  unsigned char Test_MFRC522();
.\user\inc\rc522.h(200): warning:  #1295-D: Deprecated declaration Test_ChangeSector15Password - give arg types
  void Test_ChangeSector15Password();
.\user\inc\rc522.h(208): warning:  #1-D: last line of file ends without a newline
  #endif
.\user\inc\scheduledTasks.h(7): warning:  #1-D: last line of file ends without a newline
  #endif
user\src\esp32.c: 18 warnings, 0 errors
compiling rc522.c...
.\user\inc\led.h(15): warning:  #1-D: last line of file ends without a newline
  #endif
.\user\inc\usart.h(16): warning:  #1-D: last line of file ends without a newline
  #endif
.\user\inc\nvic.h(6): warning:  #1-D: last line of file ends without a newline
  #endif
.\user\inc\selfprintf.h(10): warning:  #1-D: last line of file ends without a newline
  #endif
.\user\inc\delay.h(12): warning:  #1-D: last line of file ends without a newline
  #endif
.\user\inc\door.h(14): warning:  #1-D: last line of file ends without a newline
  #endif
.\user\inc\w25q64.h(30): warning:  #1-D: last line of file ends without a newline
  #endif
.\user\inc\lcd.h(26): warning:  #47-D: incompatible redefinition of macro "LCD_H"  (declared at line 2)
  #define LCD_H  240
.\user\inc\lcd.h(84): warning:  #1-D: last line of file ends without a newline
  #endif
.\user\inc\font.h(14): warning:  #1-D: last line of file ends without a newline
  #endif
.\user\inc\voice.h(52): warning:  #1-D: last line of file ends without a newline
  #endif
.\user\inc\iwdg.h(13): warning:  #1-D: last line of file ends without a newline
  #endif
.\user\inc\bs8116.h(27): warning:  #1-D: last line of file ends without a newline
  #endif
.\user\inc\mg200.h(38): warning:  #1-D: last line of file ends without a newline
  #endif
.\user\inc\rc522.h(199): warning:  #1295-D: Deprecated declaration Test_MFRC522 - give arg types
  unsigned char Test_MFRC522();
.\user\inc\rc522.h(200): warning:  #1295-D: Deprecated declaration Test_ChangeSector15Password - give arg types
  void Test_ChangeSector15Password();
.\user\inc\rc522.h(208): warning:  #1-D: last line of file ends without a newline
  #endif
.\user\inc\scheduledTasks.h(7): warning:  #1-D: last line of file ends without a newline
  #endif
user\src\rc522.c(345): warning:  #550-D: variable "status"  was set but never used
  	char status;
user\src\rc522.c(889): warning:  #177-D: variable "pass_A_new"  was declared but never referenced
          unsigned char pass_A_new[6] = {0x12, 0x12, 0x12, 0x12, 0x12, 0x12};
user\src\rc522.c(907): warning:  #1-D: last line of file ends without a newline
  }
user\src\rc522.c(811): warning:  #177-D: variable "pass_Apro"  was declared but never referenced
      unsigned char pass_Apro[6] = {0x12, 0x12, 0x12, 0x12, 0x12, 0x12};//复位用于测试的密码A，记得修改
user\src\rc522.c(813): warning:  #177-D: variable "pass_new"  was declared but never referenced
      const unsigned char pass_new[16] = { // 新的扇区尾块数据
user\src\rc522.c: 23 warnings, 0 errors
compiling scheduledTasks.c...
.\user\inc\led.h(15): warning:  #1-D: last line of file ends without a newline
  #endif
.\user\inc\usart.h(16): warning:  #1-D: last line of file ends without a newline
  #endif
.\user\inc\nvic.h(6): warning:  #1-D: last line of file ends without a newline
  #endif
.\user\inc\selfprintf.h(10): warning:  #1-D: last line of file ends without a newline
  #endif
.\user\inc\delay.h(12): warning:  #1-D: last line of file ends without a newline
  #endif
.\user\inc\door.h(14): warning:  #1-D: last line of file ends without a newline
  #endif
.\user\inc\w25q64.h(30): warning:  #1-D: last line of file ends without a newline
  #endif
.\user\inc\lcd.h(26): warning:  #47-D: incompatible redefinition of macro "LCD_H"  (declared at line 2)
  #define LCD_H  240
.\user\inc\lcd.h(84): warning:  #1-D: last line of file ends without a newline
  #endif
.\user\inc\font.h(14): warning:  #1-D: last line of file ends without a newline
  #endif
.\user\inc\voice.h(52): warning:  #1-D: last line of file ends without a newline
  #endif
.\user\inc\iwdg.h(13): warning:  #1-D: last line of file ends without a newline
  #endif
.\user\inc\bs8116.h(27): warning:  #1-D: last line of file ends without a newline
  #endif
.\user\inc\mg200.h(38): warning:  #1-D: last line of file ends without a newline
  #endif
.\user\inc\rc522.h(199): warning:  #1295-D: Deprecated declaration Test_MFRC522 - give arg types
  unsigned char Test_MFRC522();
.\user\inc\rc522.h(200): warning:  #1295-D: Deprecated declaration Test_ChangeSector15Password - give arg types
  void Test_ChangeSector15Password();
.\user\inc\rc522.h(208): warning:  #1-D: last line of file ends without a newline
  #endif
.\user\inc\scheduledTasks.h(7): warning:  #1-D: last line of file ends without a newline
  #endif
user\src\scheduledTasks.c(76): warning:  #1-D: last line of file ends without a newline
  }
user\src\scheduledTasks.c: 19 warnings, 0 errors
linking...
Program Size: Code=34786 RO-data=129854 RW-data=340 ZI-data=2908  
FromELF: creating hex file...
".\Objects\smart_lock.axf" - 0 Error(s), 445 Warning(s).

<h2>Software Packages used:</h2>

Package Vendor: Keil
                http://www.keil.com/pack/Keil.STM32F4xx_DFP.2.7.0.pack
                Keil.STM32F4xx_DFP.2.7.0
                STMicroelectronics STM32F4 Series Device Support, Drivers and Examples

<h2>Collection of Component include folders:</h2>
  .\RTE\_Target_1
  C:\Keil_v5\ARM\PACK\Keil\STM32F4xx_DFP\2.7.0\Drivers\CMSIS\Device\ST\STM32F4xx\Include

<h2>Collection of Component Files used:</h2>
Build Time Elapsed:  00:00:15
</pre>
</body>
</html>
