Component: ARM Compiler 5.06 update 6 (build 750) Tool: armlink [4d35ed]

==============================================================================

Section Cross References

    startup_stm32f401xx.o(STACK) refers (Special) to heapauxi.o(.text) for __use_two_region_memory
    startup_stm32f401xx.o(HEAP) refers (Special) to heapauxi.o(.text) for __use_two_region_memory
    startup_stm32f401xx.o(RESET) refers (Special) to heapauxi.o(.text) for __use_two_region_memory
    startup_stm32f401xx.o(RESET) refers to startup_stm32f401xx.o(STACK) for __initial_sp
    startup_stm32f401xx.o(RESET) refers to startup_stm32f401xx.o(.text) for Reset_Handler
    startup_stm32f401xx.o(RESET) refers to nvic.o(i.RTC_WKUP_IRQHandler) for RTC_WKUP_IRQHandler
    startup_stm32f401xx.o(RESET) refers to nvic.o(i.TIM1_BRK_TIM9_IRQHandler) for TIM1_BRK_TIM9_IRQHandler
    startup_stm32f401xx.o(RESET) refers to nvic.o(i.USART1_IRQHandler) for USART1_IRQHandler
    startup_stm32f401xx.o(RESET) refers to nvic.o(i.RTC_Alarm_IRQHandler) for RTC_Alarm_IRQHandler
    startup_stm32f401xx.o(RESET) refers to nvic.o(i.USART6_IRQHandler) for USART6_IRQHandler
    startup_stm32f401xx.o(.text) refers (Special) to heapauxi.o(.text) for __use_two_region_memory
    startup_stm32f401xx.o(.text) refers to system_stm32f4xx.o(i.SystemInit) for SystemInit
    startup_stm32f401xx.o(.text) refers to __main.o(!!!main) for __main
    startup_stm32f401xx.o(.text) refers to startup_stm32f401xx.o(HEAP) for Heap_Mem
    startup_stm32f401xx.o(.text) refers to startup_stm32f401xx.o(STACK) for Stack_Mem
    system_stm32f4xx.o(i.SystemCoreClockUpdate) refers to system_stm32f4xx.o(.data) for SystemCoreClock
    system_stm32f4xx.o(i.SystemInit) refers to system_stm32f4xx.o(i.SetSysClock) for SetSysClock
    main.o(i.main) refers to misc.o(i.NVIC_PriorityGroupConfig) for NVIC_PriorityGroupConfig
    main.o(i.main) refers to led.o(i.led_init) for led_init
    main.o(i.main) refers to key.o(i.key_init) for key_init
    main.o(i.main) refers to usart.o(i.usart1Init) for usart1Init
    main.o(i.main) refers to w25q64.o(i.w25q64_init) for w25q64_init
    main.o(i.main) refers to at24cxx.o(i.at24c0x_init) for at24c0x_init
    main.o(i.main) refers to tim.o(i.tim4_ch4_led3_init) for tim4_ch4_led3_init
    main.o(i.main) refers to lcd.o(i.LCD_init) for LCD_init
    main.o(i.main) refers to voice.o(i.voice_init) for voice_init
    main.o(i.main) refers to bs8116.o(i.BS8116_init) for BS8116_init
    main.o(i.main) refers to iwdg.o(i.iwdg_init) for iwdg_init
    main.o(i.main) refers to door.o(i.door_init) for door_init
    main.o(i.main) refers to rtc.o(i.rtc_init) for rtc_init
    main.o(i.main) refers to mg200.o(i.mg200_init) for mg200_init
    main.o(i.main) refers to rc522.o(i.MFRC522_Init) for MFRC522_Init
    main.o(i.main) refers to tim.o(i.tim9_it_ms) for tim9_it_ms
    main.o(i.main) refers to function.o(i.zk_update) for zk_update
    main.o(i.main) refers to iwdg.o(i.iwdg_feed) for iwdg_feed
    main.o(i.main) refers to bs8116.o(i.BS8116_Key_scan) for BS8116_Key_scan
    main.o(i.main) refers to rc522.o(i.Test_ChangeSector15Password) for Test_ChangeSector15Password
    main.o(i.main) refers to function.o(i.main_page) for main_page
    main.o(i.main) refers to function.o(i.admin_page) for admin_page
    main.o(i.main) refers to function.o(i.password_page) for password_page
    main.o(i.main) refers to function.o(i.mg200_page) for mg200_page
    main.o(i.main) refers to function.o(i.Enroll_user_page) for Enroll_user_page
    main.o(i.main) refers to function.o(i.erase_user_one_page) for erase_user_one_page
    main.o(i.main) refers to function.o(i.erase_user_all_page) for erase_user_all_page
    main.o(i.main) refers to function.o(i.erase_user_match_page) for erase_user_match_page
    main.o(i.main) refers to function.o(i.rfid_page) for rfid_page
    main.o(i.main) refers to function.o(i.picc_user_page) for picc_user_page
    main.o(i.main) refers to function.o(i.erase_user_picc_page) for erase_user_picc_page
    main.o(i.main) refers to function.o(i.erase_picc_all_page) for erase_picc_all_page
    main.o(i.main) refers to function.o(i.erase_picc_match_page) for erase_picc_match_page
    main.o(i.main) refers to function.o(i.voice_light_page) for voice_light_page
    main.o(i.main) refers to function.o(i.factory_reset_page) for factory_reset_page
    main.o(i.main) refers to delay.o(i.tim5Delay_Ms) for tim5Delay_Ms
    main.o(i.main) refers to main.o(.data) for key_val
    led.o(i.led_init) refers to stm32f4xx_rcc.o(i.RCC_AHB1PeriphClockCmd) for RCC_AHB1PeriphClockCmd
    led.o(i.led_init) refers to stm32f4xx_gpio.o(i.GPIO_Init) for GPIO_Init
    led.o(i.led_init) refers to stm32f4xx_gpio.o(i.GPIO_SetBits) for GPIO_SetBits
    key.o(i.key_init) refers to stm32f4xx_rcc.o(i.RCC_AHB1PeriphClockCmd) for RCC_AHB1PeriphClockCmd
    key.o(i.key_init) refers to stm32f4xx_gpio.o(i.GPIO_Init) for GPIO_Init
[...]
    i.main                                   0x08004a10   Section        0  main.o(i.main)
    i.main_page                              0x08004b4c   Section        0  function.o(i.main_page)
    i.mg200_ReadFingerprint                  0x08004bd0   Section        0  mg200.o(i.mg200_ReadFingerprint)
    i.mg200_init                             0x08004e74   Section        0  mg200.o(i.mg200_init)
    i.mg200_page                             0x08004ec4   Section        0  function.o(i.mg200_page)
    i.mg200_read_cmd                         0x08005180   Section        0  mg200.o(i.mg200_read_cmd)
    i.mg200_register                         0x080051fc   Section        0  mg200.o(i.mg200_register)
    i.mg200_send_command                     0x08005618   Section        0  mg200.o(i.mg200_send_command)
    i.mg200_usart6Init                       0x08005658   Section        0  usart.o(i.mg200_usart6Init)
    i.motor_control                          0x0800572c   Section        0  door.o(i.motor_control)
    i.open_fingerprint                       0x08005768   Section        0  function.o(i.open_fingerprint)
    i.open_passward                          0x08005974   Section        0  function.o(i.open_passward)
    i.password_page                          0x08005c94   Section        0  function.o(i.password_page)
    i.picc_user_page                         0x08005f44   Section        0  function.o(i.picc_user_page)
    i.read_status                            0x08006094   Section        0  w25q64.o(i.read_status)
    i.rfid_page                              0x080060bc   Section        0  function.o(i.rfid_page)
    i.rtc_get_sys                            0x08006338   Section        0  rtc.o(i.rtc_get_sys)
    i.rtc_init                               0x08006418   Section        0  rtc.o(i.rtc_init)
    i.rtc_set_time                           0x080064c0   Section        0  rtc.o(i.rtc_set_time)
    i.rtc_weekday_get                        0x08006518   Section        0  rtc.o(i.rtc_weekday_get)
    i.st7789vm_rest                          0x080065f8   Section        0  lcd.o(i.st7789vm_rest)
    i.st7789vm_write_command                 0x0800661c   Section        0  lcd.o(i.st7789vm_write_command)
    i.st7789vm_write_command_parameter       0x0800664c   Section        0  lcd.o(i.st7789vm_write_command_parameter)
    i.st7789vm_write_data                    0x0800667c   Section        0  lcd.o(i.st7789vm_write_data)
    i.tim2_ch2_pwm                           0x080066b0   Section        0  door.o(i.tim2_ch2_pwm)
    i.tim3_ch1_pwm                           0x08006764   Section        0  door.o(i.tim3_ch1_pwm)
    i.tim4_ch4_led3_init                     0x08006814   Section        0  tim.o(i.tim4_ch4_led3_init)
    i.tim5Delay_Ms                           0x080068c8   Section        0  delay.o(i.tim5Delay_Ms)
    i.tim5Delay_Us                           0x08006940   Section        0  delay.o(i.tim5Delay_Us)
    i.tim9_it_ms                             0x080069b4   Section        0  tim.o(i.tim9_it_ms)
    i.usart1Init                             0x08006a38   Section        0  usart.o(i.usart1Init)
    i.voice                                  0x08006b04   Section        0  voice.o(i.voice)
    i.voice_head                             0x08006b40   Section        0  voice.o(i.voice_head)
    i.voice_hig                              0x08006b64   Section        0  voice.o(i.voice_hig)
    i.voice_init                             0x08006b8c   Section        0  voice.o(i.voice_init)
    i.voice_light_page                       0x08006be4   Section        0  function.o(i.voice_light_page)
    i.voice_low                              0x08006db8   Section        0  voice.o(i.voice_low)
    i.w25q64_Spi_bayte                       0x08006de0   Section        0  w25q64.o(i.w25q64_Spi_bayte)
    i.w25q64_block_erase                     0x08006e1c   Section        0  w25q64.o(i.w25q64_block_erase)
    i.w25q64_blocks                          0x08006e64   Section        0  w25q64.o(i.w25q64_blocks)
    i.w25q64_init                            0x08006e80   Section        0  w25q64.o(i.w25q64_init)
    i.w25q64_page_write                      0x08006ec4   Section        0  w25q64.o(i.w25q64_page_write)
    i.w25q64_read                            0x08006f38   Section        0  w25q64.o(i.w25q64_read)
    i.w25q64_spi_init                        0x08006f88   Section        0  w25q64.o(i.w25q64_spi_init)
    i.wirite_enable                          0x08007034   Section        0  w25q64.o(i.wirite_enable)
    i.write_status                           0x08007054   Section        0  w25q64.o(i.write_status)
    i.zk_update                              0x0800708c   Section        0  function.o(i.zk_update)
    x$fpl$fpinit                             0x080070e4   Section       10  fpinit.o(x$fpl$fpinit)
    $v0                                      0x080070e4   Number         0  fpinit.o(x$fpl$fpinit)
    .constdata                               0x080070ee   Section    13614  font.o(.constdata)
    .constdata                               0x0800a61c   Section    115208  systempic.o(.constdata)
    .constdata                               0x08026824   Section       40  _printf_hex_int.o(.constdata)
    uc_hextab                                0x08026824   Data          20  _printf_hex_int.o(.constdata)
    lc_hextab                                0x08026838   Data          20  _printf_hex_int.o(.constdata)
    .constdata                               0x0802684c   Section       17  __printf_flags_wp.o(.constdata)
    maptable                                 0x0802684c   Data          17  __printf_flags_wp.o(.constdata)
    .data                                    0x20000000   Section       27  main.o(.data)
    .data                                    0x2000001b   Section        1  key.o(.data)
    key_lock                                 0x2000001b   Data           1  key.o(.data)
    .data                                    0x2000001c   Section       10  nvic.o(.data)
    zk_addr_val                              0x2000001c   Data           4  nvic.o(.data)
    zk_cont                                  0x20000020   Data           4  nvic.o(.data)
    led3_flag                                0x20000024   Data           1  nvic.o(.data)
    i                                        0x20000025   Data           1  nvic.o(.data)
    .data                                    0x20000028   Section        4  selfprintf.o(.data)
    .data                                    0x2000002c   Section       76  function.o(.data)
    color_flag                               0x2000002c   Data           4  function.o(.data)
    open_val                                 0x20000030   Data           1  function.o(.data)
    pass_page_flag                           0x20000031   Data           1  function.o(.data)
    x                                        0x20000032   Data           1  function.o(.data)
    y                                        0x20000033   Data           1  function.o(.data)
    pass_flag                                0x20000034   Data           1  function.o(.data)
    pass_word_1                              0x20000035   Data           7  function.o(.data)
    pass_word_2                              0x2000003c   Data           7  function.o(.data)
    pass_i                                   0x20000043   Data           1  function.o(.data)
    open_door_flag                           0x20000044   Data           1  function.o(.data)
    finger_touch_sta                         0x20000045   Data           1  function.o(.data)
    ad_flag                                  0x20000046   Data           1  function.o(.data)
    ad_flag                                  0x20000047   Data           1  function.o(.data)
    x                                        0x20000048   Data           1  function.o(.data)
    y                                        0x20000049   Data           1  function.o(.data)
    pass_i                                   0x2000004a   Data           1  function.o(.data)
    pass_word_1                              0x2000004b   Data           7  function.o(.data)
    pass_word_2                              0x20000052   Data           7  function.o(.data)
    ad_flag                                  0x20000059   Data           1  function.o(.data)
    ad_flag                                  0x2000005a   Data           1  function.o(.data)
    mg200_register_sta                       0x2000005c   Data           4  function.o(.data)
    x                                        0x20000060   Data           2  function.o(.data)
    mg200_ID                                 0x20000062   Data           1  function.o(.data)
    ad_flag                                  0x20000063   Data           1  function.o(.data)
    mg200_erase_sta                          0x20000064   Data           4  function.o(.data)
    ad_flag                                  0x20000068   Data           1  function.o(.data)
    ad_flag                                  0x20000069   Data           1  function.o(.data)
    x                                        0x2000006a   Data           2  function.o(.data)
    mg200_i                                  0x2000006c   Data           1  function.o(.data)
    ad_flag                                  0x2000006d   Data           1  function.o(.data)
    ad_flag                                  0x2000006e   Data           1  function.o(.data)
    x                                        0x20000070   Data           2  function.o(.data)
    picc_cont                                0x20000072   Data           1  function.o(.data)
    ad_flag                                  0x20000073   Data           1  function.o(.data)
    ad_flag                                  0x20000074   Data           1  function.o(.data)
    ad_flag                                  0x20000075   Data           1  function.o(.data)
    ad_flag                                  0x20000076   Data           1  function.o(.data)
    ad_flag                                  0x20000077   Data           1  function.o(.data)
    .data                                    0x20000078   Section        1  bs8116.o(.data)
    key_flag                                 0x20000078   Data           1  bs8116.o(.data)
    .data                                    0x20000079   Section       76  rtc.o(.data)
    .data                                    0x200000c5   Section        2  mg200.o(.data)
    touch_statu                              0x200000c5   Data           1  mg200.o(.data)
    touch_statu                              0x200000c6   Data           1  mg200.o(.data)
    .data                                    0x200000c7   Section        1  rc522.o(.data)
    flag                                     0x200000c7   Data           1  rc522.o(.data)
    .data                                    0x200000c8   Section       16  stm32f4xx_rcc.o(.data)
    APBAHBPrescTable                         0x200000c8   Data          16  stm32f4xx_rcc.o(.data)
    .bss                                     0x200000d8   Section      189  main.o(.bss)
    .bss                                     0x20000195   Section       29  function.o(.bss)
    timer_buff                               0x20000195   Data          20  function.o(.bss)
    mg200_ID                                 0x200001a9   Data           9  function.o(.bss)
    .bss                                     0x200001b4   Section       96  libspace.o(.bss)
    HEAP                                     0x20000218   Section      512  startup_stm32f401xx.o(HEAP)
    Heap_Mem                                 0x20000218   Data         512  startup_stm32f401xx.o(HEAP)
    STACK                                    0x20000418   Section     1024  startup_stm32f401xx.o(STACK)
    Stack_Mem                                0x20000418   Data        1024  startup_stm32f401xx.o(STACK)
    __initial_sp                             0x20000818   Data           0  startup_stm32f401xx.o(STACK)

    Global Symbols

    Symbol Name                              Value     Ov Type        Size  Object(Section)

    BuildAttributes$$THM_ISAv4$E$P$D$K$B$S$7EM$VFPi3$EXTD16$VFPS$VFMA$PE$A:L22UL41UL21$X:L11$S22US41US21$IEEE1$IW$USESV6$~STKCKD$USESV7$~SHL$OSPACE$ROPI$EBA8$UX$STANDARDLIB$REQ8$PRES8$EABIv2 0x00000000   Number         0  anon$$obj.o ABSOLUTE
    __ARM_use_no_argv                        0x00000000   Number         0  main.o ABSOLUTE
    _printf_flags                            0x00000000   Number         0  printf_stubs.o ABSOLUTE
    _printf_return_value                     0x00000000   Number         0  printf_stubs.o ABSOLUTE
    _printf_sizespec                         0x00000000   Number         0  printf_stubs.o ABSOLUTE
    _printf_widthprec                        0x00000000   Number         0  printf_stubs.o ABSOLUTE
    __ARM_exceptions_init                     - Undefined Weak Reference
    __alloca_initialize                       - Undefined Weak Reference
    __arm_preinit_                            - Undefined Weak Reference
    __cpp_initialize__aeabi_                  - Undefined Weak Reference
    __cxa_finalize                            - Undefined Weak Reference
    __rt_locale                               - Undefined Weak Reference
    __sigvec_lookup                           - Undefined Weak Reference
    _atexit_init                              - Undefined Weak Reference
    _call_atexit_fns                          - Undefined Weak Reference
    _clock_init                               - Undefined Weak Reference
    _fp_trap_init                             - Undefined Weak Reference
    _fp_trap_shutdown                         - Undefined Weak Reference
    _get_lc_collate                           - Undefined Weak Reference
    _get_lc_ctype                             - Undefined Weak Reference
    _get_lc_monetary                          - Undefined Weak Reference
    _get_lc_numeric                           - Undefined Weak Reference
    _get_lc_time                              - Undefined Weak Reference
    _getenv_init                              - Undefined Weak Reference
    _handle_redirection                       - Undefined Weak Reference
    _init_alloc                               - Undefined Weak Reference
    _init_user_alloc                          - Undefined Weak Reference
    _initio                                   - Undefined Weak Reference
    _mutex_acquire                            - Undefined Weak Reference
    _mutex_release                            - Undefined Weak Reference
    _printf_truncate_signed                   - Undefined Weak Reference
    _printf_truncate_unsigned                 - Undefined Weak Reference
    _rand_init                                - Undefined Weak Reference
    _signal_finish                            - Undefined Weak Reference
    _signal_init                              - Undefined Weak Reference
    _terminate_alloc                          - Undefined Weak Reference
    _terminate_user_alloc                     - Undefined Weak Reference
    _terminateio                              - Undefined Weak Reference
    __Vectors_Size                           0x00000194   Number         0  startup_stm32f401xx.o ABSOLUTE
    __Vectors                                0x08000000   Data           4  startup_stm32f401xx.o(RESET)
    __Vectors_End                            0x08000194   Data           0  startup_stm32f401xx.o(RESET)
    __main                                   0x08000195   Thumb Code     8  __main.o(!!!main)
    __scatterload                            0x0800019d   Thumb Code     0  __scatter.o(!!!scatter)
    __scatterload_rt2                        0x0800019d   Thumb Code    44  __scatter.o(!!!scatter)
    __scatterload_rt2_thumb_only             0x0800019d   Thumb Code     0  __scatter.o(!!!scatter)
    __scatterload_null                       0x080001ab   Thumb Code     0  __scatter.o(!!!scatter)
    __scatterload_copy                       0x080001d1   Thumb Code    26  __scatter_copy.o(!!handler_copy)
    __scatterload_zeroinit                   0x080001ed   Thumb Code    28  __scatter_zi.o(!!handler_zi)
    _printf_d                                0x08000209   Thumb Code     0  _printf_d.o(.ARM.Collect$$_printf_percent$$00000009)
    _printf_percent                          0x08000209   Thumb Code     0  _printf_percent.o(.ARM.Collect$$_printf_percent$$00000000)
    _printf_u                                0x0800020f   Thumb Code     0  _printf_u.o(.ARM.Collect$$_printf_percent$$0000000A)
    _printf_x                                0x08000215   Thumb Code     0  _printf_x.o(.ARM.Collect$$_printf_percent$$0000000C)
    _printf_percent_end                      0x0800021b   Thumb Code     0  _printf_percent_end.o(.ARM.Collect$$_printf_percent$$00000017)
    __rt_lib_init                            0x0800021f   Thumb Code     0  libinit.o(.ARM.Collect$$libinit$$00000000)
    __rt_lib_init_fp_1                       0x08000221   Thumb Code     0  libinit2.o(.ARM.Collect$$libinit$$00000001)
    __rt_lib_init_alloca_1                   0x08000225   Thumb Code     0  libinit2.o(.ARM.Collect$$libinit$$0000002E)
    __rt_lib_init_argv_1                     0x08000225   Thumb Code     0  libinit2.o(.ARM.Collect$$libinit$$0000002C)
    __rt_lib_init_atexit_1                   0x08000225   Thumb Code     0  libinit2.o(.ARM.Collect$$libinit$$0000001B)
    __rt_lib_init_clock_1                    0x08000225   Thumb Code     0  libinit2.o(.ARM.Collect$$libinit$$00000021)
    __rt_lib_init_cpp_1                      0x08000225   Thumb Code     0  libinit2.o(.ARM.Collect$$libinit$$00000032)
    __rt_lib_init_exceptions_1               0x08000225   Thumb Code     0  libinit2.o(.ARM.Collect$$libinit$$00000030)
    __rt_lib_init_fp_trap_1                  0x08000225   Thumb Code     0  libinit2.o(.ARM.Collect$$libinit$$0000001F)
    __rt_lib_init_getenv_1                   0x08000225   Thumb Code     0  libinit2.o(.ARM.Collect$$libinit$$00000023)
    __rt_lib_init_heap_1                     0x08000225   Thumb Code     0  libinit2.o(.ARM.Collect$$libinit$$0000000A)
    __rt_lib_init_lc_collate_1               0x08000225   Thumb Code     0  libinit2.o(.ARM.Collect$$libinit$$00000011)
    __rt_lib_init_lc_ctype_1                 0x08000225   Thumb Code     0  libinit2.o(.ARM.Collect$$libinit$$00000013)
    __rt_lib_init_lc_monetary_1              0x08000225   Thumb Code     0  libinit2.o(.ARM.Collect$$libinit$$00000015)
    __rt_lib_init_lc_numeric_1               0x08000225   Thumb Code     0  libinit2.o(.ARM.Collect$$libinit$$00000017)
    __rt_lib_init_lc_time_1                  0x08000225   Thumb Code     0  libinit2.o(.ARM.Collect$$libinit$$00000019)
    __rt_lib_init_preinit_1                  0x08000225   Thumb Code     0  libinit2.o(.ARM.Collect$$libinit$$00000004)
    __rt_lib_init_rand_1                     0x08000225   Thumb Code     0  libinit2.o(.ARM.Collect$$libinit$$0000000E)
    __rt_lib_init_return                     0x08000225   Thumb Code     0  libinit2.o(.ARM.Collect$$libinit$$00000033)
    __rt_lib_init_signal_1                   0x08000225   Thumb Code     0  libinit2.o(.ARM.Collect$$libinit$$0000001D)
    __rt_lib_init_stdio_1                    0x08000225   Thumb Code     0  libinit2.o(.ARM.Collect$$libinit$$00000025)
    __rt_lib_init_user_alloc_1               0x08000225   Thumb Code     0  libinit2.o(.ARM.Collect$$libinit$$0000000C)
    __rt_lib_shutdown                        0x08000227   Thumb Code     0  libshutdown.o(.ARM.Collect$$libshutdown$$00000000)
    __rt_lib_shutdown_cpp_1                  0x08000229   Thumb Code     0  libshutdown2.o(.ARM.Collect$$libshutdown$$00000002)
    __rt_lib_shutdown_fp_trap_1              0x08000229   Thumb Code     0  libshutdown2.o(.ARM.Collect$$libshutdown$$00000007)
    __rt_lib_shutdown_heap_1                 0x08000229   Thumb Code     0  libshutdown2.o(.ARM.Collect$$libshutdown$$0000000F)
    __rt_lib_shutdown_return                 0x08000229   Thumb Code     0  libshutdown2.o(.ARM.Collect$$libshutdown$$00000010)
    __rt_lib_shutdown_signal_1               0x08000229   Thumb Code     0  libshutdown2.o(.ARM.Collect$$libshutdown$$0000000A)
    __rt_lib_shutdown_stdio_1                0x08000229   Thumb Code     0  libshutdown2.o(.ARM.Collect$$libshutdown$$00000004)
    __rt_lib_shutdown_user_alloc_1           0x08000229   Thumb Code     0  libshutdown2.o(.ARM.Collect$$libshutdown$$0000000C)
    __rt_entry                               0x0800022b   Thumb Code     0  __rtentry.o(.ARM.Collect$$rtentry$$00000000)
    __rt_entry_presh_1                       0x0800022b   Thumb Code     0  __rtentry2.o(.ARM.Collect$$rtentry$$00000002)
    __rt_entry_sh                            0x0800022b   Thumb Code     0  __rtentry4.o(.ARM.Collect$$rtentry$$00000004)
    __rt_entry_li                            0x08000231   Thumb Code     0  __rtentry2.o(.ARM.Collect$$rtentry$$0000000A)
    __rt_entry_postsh_1                      0x08000231   Thumb Code     0  __rtentry2.o(.ARM.Collect$$rtentry$$00000009)
    __rt_entry_main                          0x08000235   Thumb Code     0  __rtentry2.o(.ARM.Collect$$rtentry$$0000000D)
    __rt_entry_postli_1                      0x08000235   Thumb Code     0  __rtentry2.o(.ARM.Collect$$rtentry$$0000000C)
    __rt_exit                                0x0800023d   Thumb Code     0  rtexit.o(.ARM.Collect$$rtexit$$00000000)
    __rt_exit_ls                             0x0800023f   Thumb Code     0  rtexit2.o(.ARM.Collect$$rtexit$$00000003)
    __rt_exit_prels_1                        0x0800023f   Thumb Code     0  rtexit2.o(.ARM.Collect$$rtexit$$00000002)
    __rt_exit_exit                           0x08000243   Thumb Code     0  rtexit2.o(.ARM.Collect$$rtexit$$00000004)
    Reset_Handler                            0x08000249   Thumb Code     8  startup_stm32f401xx.o(.text)
    NMI_Handler                              0x08000251   Thumb Code     2  startup_stm32f401xx.o(.text)
    HardFault_Handler                        0x08000253   Thumb Code     2  startup_stm32f401xx.o(.text)
    MemManage_Handler                        0x08000255   Thumb Code     2  startup_stm32f401xx.o(.text)
    BusFault_Handler                         0x08000257   Thumb Code     2  startup_stm32f401xx.o(.text)
    UsageFault_Handler                       0x08000259   Thumb Code     2  startup_stm32f401xx.o(.text)
    SVC_Handler                              0x0800025b   Thumb Code     2  startup_stm32f401xx.o(.text)
    DebugMon_Handler                         0x0800025d   Thumb Code     2  startup_stm32f401xx.o(.text)
    PendSV_Handler                           0x0800025f   Thumb Code     2  startup_stm32f401xx.o(.text)
    SysTick_Handler                          0x08000261   Thumb Code     2  startup_stm32f401xx.o(.text)
    ADC_IRQHandler                           0x08000263   Thumb Code     0  startup_stm32f401xx.o(.text)
    DMA1_Stream0_IRQHandler                  0x08000263   Thumb Code     0  startup_stm32f401xx.o(.text)
    DMA1_Stream1_IRQHandler                  0x08000263   Thumb Code     0  startup_stm32f401xx.o(.text)
    DMA1_Stream2_IRQHandler                  0x08000263   Thumb Code     0  startup_stm32f401xx.o(.text)
    DMA1_Stream3_IRQHandler                  0x08000263   Thumb Code     0  startup_stm32f401xx.o(.text)
    DMA1_Stream4_IRQHandler                  0x08000263   Thumb Code     0  startup_stm32f401xx.o(.text)
    DMA1_Stream5_IRQHandler                  0x08000263   Thumb Code     0  startup_stm32f401xx.o(.text)
    DMA1_Stream6_IRQHandler                  0x08000263   Thumb Code     0  startup_stm32f401xx.o(.text)
    DMA1_Stream7_IRQHandler                  0x08000263   Thumb Code     0  startup_stm32f401xx.o(.text)
    DMA2_Stream0_IRQHandler                  0x08000263   Thumb Code     0  startup_stm32f401xx.o(.text)
    DMA2_Stream1_IRQHandler                  0x08000263   Thumb Code     0  startup_stm32f401xx.o(.text)
    DMA2_Stream2_IRQHandler                  0x08000263   Thumb Code     0  startup_stm32f401xx.o(.text)
    DMA2_Stream3_IRQHandler                  0x08000263   Thumb Code     0  startup_stm32f401xx.o(.text)
    DMA2_Stream4_IRQHandler                  0x08000263   Thumb Code     0  startup_stm32f401xx.o(.text)
    DMA2_Stream5_IRQHandler                  0x08000263   Thumb Code     0  startup_stm32f401xx.o(.text)
    DMA2_Stream6_IRQHandler                  0x08000263   Thumb Code     0  startup_stm32f401xx.o(.text)
    DMA2_Stream7_IRQHandler                  0x08000263   Thumb Code     0  startup_stm32f401xx.o(.text)
    EXTI0_IRQHandler                         0x08000263   Thumb Code     0  startup_stm32f401xx.o(.text)
    EXTI15_10_IRQHandler                     0x08000263   Thumb Code     0  startup_stm32f401xx.o(.text)
    EXTI1_IRQHandler                         0x08000263   Thumb Code     0  startup_stm32f401xx.o(.text)
    EXTI2_IRQHandler                         0x08000263   Thumb Code     0  startup_stm32f401xx.o(.text)
    EXTI3_IRQHandler                         0x08000263   Thumb Code     0  startup_stm32f401xx.o(.text)
    EXTI4_IRQHandler                         0x08000263   Thumb Code     0  startup_stm32f401xx.o(.text)
    EXTI9_5_IRQHandler                       0x08000263   Thumb Code     0  startup_stm32f401xx.o(.text)
    FLASH_IRQHandler                         0x08000263   Thumb Code     0  startup_stm32f401xx.o(.text)
    FPU_IRQHandler                           0x08000263   Thumb Code     0  startup_stm32f401xx.o(.text)
    I2C1_ER_IRQHandler                       0x08000263   Thumb Code     0  startup_stm32f401xx.o(.text)
    I2C1_EV_IRQHandler                       0x08000263   Thumb Code     0  startup_stm32f401xx.o(.text)
    I2C2_ER_IRQHandler                       0x08000263   Thumb Code     0  startup_stm32f401xx.o(.text)
    I2C2_EV_IRQHandler                       0x08000263   Thumb Code     0  startup_stm32f401xx.o(.text)
    I2C3_ER_IRQHandler                       0x08000263   Thumb Code     0  startup_stm32f401xx.o(.text)
    I2C3_EV_IRQHandler                       0x08000263   Thumb Code     0  startup_stm32f401xx.o(.text)
    OTG_FS_IRQHandler                        0x08000263   Thumb Code     0  startup_stm32f401xx.o(.text)
    OTG_FS_WKUP_IRQHandler                   0x08000263   Thumb Code     0  startup_stm32f401xx.o(.text)
    PVD_IRQHandler                           0x08000263   Thumb Code     0  startup_stm32f401xx.o(.text)
    RCC_IRQHandler                           0x08000263   Thumb Code     0  startup_stm32f401xx.o(.text)
    SDIO_IRQHandler                          0x08000263   Thumb Code     0  startup_stm32f401xx.o(.text)
    SPI1_IRQHandler                          0x08000263   Thumb Code     0  startup_stm32f401xx.o(.text)
    SPI2_IRQHandler                          0x08000263   Thumb Code     0  startup_stm32f401xx.o(.text)
    SPI3_IRQHandler                          0x08000263   Thumb Code     0  startup_stm32f401xx.o(.text)
    SPI4_IRQHandler                          0x08000263   Thumb Code     0  startup_stm32f401xx.o(.text)
    TAMP_STAMP_IRQHandler                    0x08000263   Thumb Code     0  startup_stm32f401xx.o(.text)
    TIM1_CC_IRQHandler                       0x08000263   Thumb Code     0  startup_stm32f401xx.o(.text)
    TIM1_TRG_COM_TIM11_IRQHandler            0x08000263   Thumb Code     0  startup_stm32f401xx.o(.text)
    TIM1_UP_TIM10_IRQHandler                 0x08000263   Thumb Code     0  startup_stm32f401xx.o(.text)
    TIM2_IRQHandler                          0x08000263   Thumb Code     0  startup_stm32f401xx.o(.text)
    TIM3_IRQHandler                          0x08000263   Thumb Code     0  startup_stm32f401xx.o(.text)
    TIM4_IRQHandler                          0x08000263   Thumb Code     0  startup_stm32f401xx.o(.text)
    TIM5_IRQHandler                          0x08000263   Thumb Code     0  startup_stm32f401xx.o(.text)
    USART2_IRQHandler                        0x08000263   Thumb Code     0  startup_stm32f401xx.o(.text)
    WWDG_IRQHandler                          0x08000263   Thumb Code     0  startup_stm32f401xx.o(.text)
    __user_initial_stackheap                 0x08000265   Thumb Code     0  startup_stm32f401xx.o(.text)
    __use_no_semihosting                     0x08000289   Thumb Code     2  use_no_semi_2.o(.text)
    __aeabi_llsl                             0x0800028b   Thumb Code     0  llshl.o(.text)
    _ll_shift_l                              0x0800028b   Thumb Code    38  llshl.o(.text)
    __2printf                                0x080002b1   Thumb Code    20  noretval__2printf.o(.text)
    __2sprintf                               0x080002c9   Thumb Code    34  noretval__2sprintf.o(.text)
    _printf_pre_padding                      0x080002f1   Thumb Code    44  _printf_pad.o(.text)
    _printf_post_padding                     0x0800031d   Thumb Code    34  _printf_pad.o(.text)
    _printf_int_dec                          0x08000341   Thumb Code   104  _printf_dec.o(.text)
    _printf_int_hex                          0x080003b9   Thumb Code    84  _printf_hex_int.o(.text)
    _printf_longlong_hex                     0x080003b9   Thumb Code     0  _printf_hex_int.o(.text)
    __printf                                 0x08000411   Thumb Code   308  __printf_flags_wp.o(.text)
    __aeabi_memcpy4                          0x08000549   Thumb Code     0  rt_memcpy_w.o(.text)
    __aeabi_memcpy8                          0x08000549   Thumb Code     0  rt_memcpy_w.o(.text)
    __rt_memcpy_w                            0x08000549   Thumb Code   100  rt_memcpy_w.o(.text)
    _memcpy_lastbytes_aligned                0x08000591   Thumb Code     0  rt_memcpy_w.o(.text)
    __aeabi_memset                           0x080005ad   Thumb Code    16  aeabi_memset.o(.text)
    __aeabi_memclr4                          0x080005bd   Thumb Code     0  rt_memclr_w.o(.text)
    __aeabi_memclr8                          0x080005bd   Thumb Code     0  rt_memclr_w.o(.text)
    __rt_memclr_w                            0x080005bd   Thumb Code    78  rt_memclr_w.o(.text)
    _memset_w                                0x080005c1   Thumb Code     0  rt_memclr_w.o(.text)
    strcmp                                   0x0800060d   Thumb Code   128  strcmpv7m.o(.text)
    __use_two_region_memory                  0x0800068d   Thumb Code     2  heapauxi.o(.text)
    __rt_heap_escrow$2region                 0x0800068f   Thumb Code     2  heapauxi.o(.text)
    __rt_heap_expand$2region                 0x08000691   Thumb Code     2  heapauxi.o(.text)
    __I$use$semihosting                      0x08000693   Thumb Code     0  use_no_semi.o(.text)
    __use_no_semihosting_swi                 0x08000693   Thumb Code     2  use_no_semi.o(.text)
    _printf_int_common                       0x08000695   Thumb Code   178  _printf_intcommon.o(.text)
    _printf_char_common                      0x08000753   Thumb Code    32  _printf_char_common.o(.text)
    _sputc                                   0x08000779   Thumb Code    10  _sputc.o(.text)
    _printf_char_file                        0x08000785   Thumb Code    32  _printf_char_file.o(.text)
    __aeabi_memclr                           0x080007a9   Thumb Code     0  rt_memclr.o(.text)
    __rt_memclr                              0x080007a9   Thumb Code    68  rt_memclr.o(.text)
    _memset                                  0x080007ad   Thumb Code     0  rt_memclr.o(.text)
    ferror                                   0x080007ed   Thumb Code     8  ferror.o(.text)
    __user_setup_stackheap                   0x080007f5   Thumb Code    74  sys_stackheap_outer.o(.text)
    exit                                     0x0800083f   Thumb Code    18  exit.o(.text)
    __user_libspace                          0x08000851   Thumb Code     8  libspace.o(.text)
    __user_perproc_libspace                  0x08000851   Thumb Code     0  libspace.o(.text)
    __user_perthread_libspace                0x08000851   Thumb Code     0  libspace.o(.text)
    AT24C0x_read_bytes                       0x08000859   Thumb Code   166  at24cxx.o(i.AT24C0x_read_bytes)
    AT24C0x_write_bytes                      0x080008ff   Thumb Code    76  at24cxx.o(i.AT24C0x_write_bytes)
    AT24C0x_write_page                       0x0800094b   Thumb Code   134  at24cxx.o(i.AT24C0x_write_page)
    BS8116_Key_scan                          0x080009d1   Thumb Code    62  bs8116.o(i.BS8116_Key_scan)
    BS8116_ReadKey                           0x08000a19   Thumb Code   266  bs8116.o(i.BS8116_ReadKey)
    BS8116_Writeregister                     0x08000b29   Thumb Code   150  bs8116.o(i.BS8116_Writeregister)
    BS8116_init                              0x08000bc5   Thumb Code    60  bs8116.o(i.BS8116_init)
    CalulateCRC                              0x08000c21   Thumb Code   108  rc522.o(i.CalulateCRC)
    ClearBitMask                             0x08000c8d   Thumb Code    28  rc522.o(i.ClearBitMask)
    EXTI_ClearITPendingBit                   0x08000ca9   Thumb Code     6  stm32f4xx_exti.o(i.EXTI_ClearITPendingBit)
    Enroll_user_page                         0x08000cb5   Thumb Code   386  function.o(i.Enroll_user_page)
    EraseOne                                 0x08000ef5   Thumb Code   130  mg200.o(i.EraseOne)
    GPIO_Init                                0x08000fd9   Thumb Code   144  stm32f4xx_gpio.o(i.GPIO_Init)
    GPIO_PinAFConfig                         0x08001069   Thumb Code    70  stm32f4xx_gpio.o(i.GPIO_PinAFConfig)
    GPIO_ReadInputDataBit                    0x080010af   Thumb Code    18  stm32f4xx_gpio.o(i.GPIO_ReadInputDataBit)
    GPIO_ResetBits                           0x080010c1   Thumb Code     4  stm32f4xx_gpio.o(i.GPIO_ResetBits)
    GPIO_SetBits                             0x080010c5   Thumb Code     4  stm32f4xx_gpio.o(i.GPIO_SetBits)
    LCD_IO_init                              0x080010c9   Thumb Code    60  lcd.o(i.LCD_IO_init)
    LCD_Point                                0x08001109   Thumb Code    58  lcd.o(i.LCD_Point)
    LCD_Ring                                 0x08001143   Thumb Code   116  lcd.o(i.LCD_Ring)
    LCD_dis                                  0x080011b7   Thumb Code   134  lcd.o(i.LCD_dis)
    LCD_dis_ch                               0x0800123d   Thumb Code   192  lcd.o(i.LCD_dis_ch)
    LCD_dis_hz                               0x08001301   Thumb Code   246  lcd.o(i.LCD_dis_hz)
    LCD_dis_number_pic                       0x08001401   Thumb Code   408  lcd.o(i.LCD_dis_number_pic)
    LCD_dis_pic                              0x080015a1   Thumb Code   106  lcd.o(i.LCD_dis_pic)
    LCD_init                                 0x0800160d   Thumb Code   384  lcd.o(i.LCD_init)
    LCD_shiRing                              0x08001791   Thumb Code    86  lcd.o(i.LCD_shiRing)
    LCD_spi_IO_init                          0x080017e9   Thumb Code    58  lcd.o(i.LCD_spi_IO_init)
    LCD_spi_byte                             0x08001829   Thumb Code    70  lcd.o(i.LCD_spi_byte)
    LCD_xy_clear                             0x08001875   Thumb Code   162  lcd.o(i.LCD_xy_clear)
    MFRC522_AntennaOff                       0x08001917   Thumb Code    12  rc522.o(i.MFRC522_AntennaOff)
    MFRC522_AntennaOn                        0x08001923   Thumb Code    26  rc522.o(i.MFRC522_AntennaOn)
    MFRC522_Anticoll                         0x0800193d   Thumb Code   114  rc522.o(i.MFRC522_Anticoll)
    MFRC522_AuthState                        0x080019af   Thumb Code   116  rc522.o(i.MFRC522_AuthState)
    MFRC522_Halt                             0x08001a23   Thumb Code    52  rc522.o(i.MFRC522_Halt)
    MFRC522_Init                             0x08001a59   Thumb Code   106  rc522.o(i.MFRC522_Init)
    MFRC522_Read                             0x08001ad1   Thumb Code    86  rc522.o(i.MFRC522_Read)
    MFRC522_Request                          0x08001b27   Thumb Code    86  rc522.o(i.MFRC522_Request)
    MFRC522_Reset                            0x08001b7d   Thumb Code   126  rc522.o(i.MFRC522_Reset)
    MFRC522_SelectTag                        0x08001c01   Thumb Code   114  rc522.o(i.MFRC522_SelectTag)
    MFRC522_ToCard                           0x08001c73   Thumb Code   314  rc522.o(i.MFRC522_ToCard)
    MFRC522_Write                            0x08001dad   Thumb Code   152  rc522.o(i.MFRC522_Write)
    Match_l_n                                0x08001e45   Thumb Code   328  mg200.o(i.Match_l_n)
    NVIC_Init                                0x08002041   Thumb Code   106  misc.o(i.NVIC_Init)
    NVIC_PriorityGroupConfig                 0x080020b9   Thumb Code    10  misc.o(i.NVIC_PriorityGroupConfig)
    PWR_BackupAccessCmd                      0x080020cd   Thumb Code     6  stm32f4xx_pwr.o(i.PWR_BackupAccessCmd)
    RCC_AHB1PeriphClockCmd                   0x080020d9   Thumb Code    26  stm32f4xx_rcc.o(i.RCC_AHB1PeriphClockCmd)
    RCC_APB1PeriphClockCmd                   0x080020f9   Thumb Code    26  stm32f4xx_rcc.o(i.RCC_APB1PeriphClockCmd)
    RCC_APB2PeriphClockCmd                   0x08002119   Thumb Code    26  stm32f4xx_rcc.o(i.RCC_APB2PeriphClockCmd)
    RCC_GetClocksFreq                        0x08002139   Thumb Code   214  stm32f4xx_rcc.o(i.RCC_GetClocksFreq)
    RCC_GetFlagStatus                        0x08002221   Thumb Code    60  stm32f4xx_rcc.o(i.RCC_GetFlagStatus)
    RCC_LSICmd                               0x08002261   Thumb Code     6  stm32f4xx_rcc.o(i.RCC_LSICmd)
    RCC_RTCCLKCmd                            0x0800226d   Thumb Code     6  stm32f4xx_rcc.o(i.RCC_RTCCLKCmd)
    RCC_RTCCLKConfig                         0x08002279   Thumb Code    50  stm32f4xx_rcc.o(i.RCC_RTCCLKConfig)
    RTC_Alarm_IRQHandler                     0x080022b5   Thumb Code    30  nvic.o(i.RTC_Alarm_IRQHandler)
    RTC_ClearITPendingBit                    0x08002305   Thumb Code    28  stm32f4xx_rtc.o(i.RTC_ClearITPendingBit)
    RTC_EnterInitMode                        0x08002325   Thumb Code    76  stm32f4xx_rtc.o(i.RTC_EnterInitMode)
    RTC_ExitInitMode                         0x08002375   Thumb Code    14  stm32f4xx_rtc.o(i.RTC_ExitInitMode)
    RTC_GetDate                              0x08002389   Thumb Code    68  stm32f4xx_rtc.o(i.RTC_GetDate)
    RTC_GetFlagStatus                        0x080023d5   Thumb Code    32  stm32f4xx_rtc.o(i.RTC_GetFlagStatus)
    RTC_GetITStatus                          0x080023fd   Thumb Code    58  stm32f4xx_rtc.o(i.RTC_GetITStatus)
    RTC_GetTime                              0x0800243d   Thumb Code    72  stm32f4xx_rtc.o(i.RTC_GetTime)
    RTC_Init                                 0x0800248d   Thumb Code    94  stm32f4xx_rtc.o(i.RTC_Init)
    RTC_SetDate                              0x080024f1   Thumb Code   190  stm32f4xx_rtc.o(i.RTC_SetDate)
    RTC_SetTime                              0x080025b9   Thumb Code   198  stm32f4xx_rtc.o(i.RTC_SetTime)
    RTC_WKUP_IRQHandler                      0x08002689   Thumb Code    22  nvic.o(i.RTC_WKUP_IRQHandler)
    RTC_WaitForSynchro                       0x080026a1   Thumb Code    92  stm32f4xx_rtc.o(i.RTC_WaitForSynchro)
    RTC_WriteProtectionCmd                   0x08002701   Thumb Code    22  stm32f4xx_rtc.o(i.RTC_WriteProtectionCmd)
    Read_MFRC522                             0x0800271d   Thumb Code    66  rc522.o(i.Read_MFRC522)
    SPITransferByte                          0x08002765   Thumb Code    98  rc522.o(i.SPITransferByte)
    SPI_Cmd                                  0x080027cd   Thumb Code    24  stm32f4xx_spi.o(i.SPI_Cmd)
    SPI_I2S_GetFlagStatus                    0x080027e5   Thumb Code    18  stm32f4xx_spi.o(i.SPI_I2S_GetFlagStatus)
    SPI_I2S_ReceiveData                      0x080027f7   Thumb Code     6  stm32f4xx_spi.o(i.SPI_I2S_ReceiveData)
    SPI_I2S_SendData                         0x080027fd   Thumb Code     4  stm32f4xx_spi.o(i.SPI_I2S_SendData)
    SPI_Init                                 0x08002801   Thumb Code    60  stm32f4xx_spi.o(i.SPI_Init)
    SetBitMask                               0x0800283d   Thumb Code    28  rc522.o(i.SetBitMask)
    SystemInit                               0x08002941   Thumb Code    88  system_stm32f4xx.o(i.SystemInit)
    TIM1_BRK_TIM9_IRQHandler                 0x080029a9   Thumb Code   142  nvic.o(i.TIM1_BRK_TIM9_IRQHandler)
    TIM_ClearFlag                            0x08002a49   Thumb Code     6  stm32f4xx_tim.o(i.TIM_ClearFlag)
    TIM_ClearITPendingBit                    0x08002a4f   Thumb Code     6  stm32f4xx_tim.o(i.TIM_ClearITPendingBit)
    TIM_Cmd                                  0x08002a55   Thumb Code    24  stm32f4xx_tim.o(i.TIM_Cmd)
    TIM_GetFlagStatus                        0x08002a6d   Thumb Code    18  stm32f4xx_tim.o(i.TIM_GetFlagStatus)
    TIM_GetITStatus                          0x08002a7f   Thumb Code    34  stm32f4xx_tim.o(i.TIM_GetITStatus)
    TIM_ITConfig                             0x08002aa1   Thumb Code    18  stm32f4xx_tim.o(i.TIM_ITConfig)
    TIM_OC1Init                              0x08002ab5   Thumb Code   114  stm32f4xx_tim.o(i.TIM_OC1Init)
    TIM_OC2Init                              0x08002b31   Thumb Code   154  stm32f4xx_tim.o(i.TIM_OC2Init)
    TIM_OC4Init                              0x08002bd5   Thumb Code   112  stm32f4xx_tim.o(i.TIM_OC4Init)
    TIM_TimeBaseInit                         0x08002c4d   Thumb Code   104  stm32f4xx_tim.o(i.TIM_TimeBaseInit)
    TIM_TimeBaseStructInit                   0x08002cd1   Thumb Code    18  stm32f4xx_tim.o(i.TIM_TimeBaseStructInit)
    Test_ChangeSector15Password              0x08002ce5   Thumb Code   394  rc522.o(i.Test_ChangeSector15Password)
    USART1_IRQHandler                        0x08003051   Thumb Code   220  nvic.o(i.USART1_IRQHandler)
    USART6_IRQHandler                        0x08003169   Thumb Code    84  nvic.o(i.USART6_IRQHandler)
    USART6_SendBytes                         0x080031cd   Thumb Code    26  usart.o(i.USART6_SendBytes)
    USART6_SendChar                          0x080031e9   Thumb Code    28  usart.o(i.USART6_SendChar)
    USART_ClearITPendingBit                  0x08003209   Thumb Code    30  stm32f4xx_usart.o(i.USART_ClearITPendingBit)
    USART_Cmd                                0x08003227   Thumb Code    24  stm32f4xx_usart.o(i.USART_Cmd)
    USART_GetFlagStatus                      0x0800323f   Thumb Code    26  stm32f4xx_usart.o(i.USART_GetFlagStatus)
    USART_GetITStatus                        0x08003259   Thumb Code    84  stm32f4xx_usart.o(i.USART_GetITStatus)
    USART_ITConfig                           0x080032ad   Thumb Code    74  stm32f4xx_usart.o(i.USART_ITConfig)
    USART_Init                               0x080032f9   Thumb Code   204  stm32f4xx_usart.o(i.USART_Init)
    USART_ReceiveData                        0x080033cd   Thumb Code    10  stm32f4xx_usart.o(i.USART_ReceiveData)
    USART_SendData                           0x080033d7   Thumb Code     8  stm32f4xx_usart.o(i.USART_SendData)
    Write_MFRC522                            0x080033e1   Thumb Code    52  rc522.o(i.Write_MFRC522)
    _is_digit                                0x08003419   Thumb Code    14  __printf_wp.o(i._is_digit)
    _sys_exit                                0x08003427   Thumb Code     4  selfprintf.o(i._sys_exit)
    admin_page                               0x0800342d   Thumb Code   368  function.o(i.admin_page)
    at24c0x_init                             0x080036a1   Thumb Code     8  at24cxx.o(i.at24c0x_init)
    at24c0x_read_byte                        0x080036a9   Thumb Code   142  at24cxx.o(i.at24c0x_read_byte)
    at24c0x_write_byte                       0x08003737   Thumb Code   130  at24cxx.o(i.at24c0x_write_byte)
    bs8116_iic_IO_init                       0x080037b9   Thumb Code    60  bs8116.o(i.bs8116_iic_IO_init)
    bs8116_iic_get_ack                       0x080037f9   Thumb Code    80  bs8116.o(i.bs8116_iic_get_ack)
    bs8116_iic_read_byte                     0x0800384d   Thumb Code   108  bs8116.o(i.bs8116_iic_read_byte)
    bs8116_iic_send_ack                      0x080038bd   Thumb Code    92  bs8116.o(i.bs8116_iic_send_ack)
    bs8116_iic_send_byte                     0x0800391d   Thumb Code   108  bs8116.o(i.bs8116_iic_send_byte)
    bs8116_iic_star                          0x0800398d   Thumb Code    80  bs8116.o(i.bs8116_iic_star)
    bs8116_iic_stop                          0x080039e1   Thumb Code    60  bs8116.o(i.bs8116_iic_stop)
    door_close                               0x08003a21   Thumb Code    24  door.o(i.door_close)
    door_init                                0x08003a3d   Thumb Code    16  door.o(i.door_init)
    door_open                                0x08003a4d   Thumb Code    26  door.o(i.door_open)
    erase_all                                0x08003a69   Thumb Code   110  mg200.o(i.erase_all)
    erase_picc_all_page                      0x08003b29   Thumb Code   208  function.o(i.erase_picc_all_page)
    erase_picc_match_page                    0x08003c61   Thumb Code   162  function.o(i.erase_picc_match_page)
    erase_user_all_page                      0x08003d65   Thumb Code   252  function.o(i.erase_user_all_page)
    erase_user_match_page                    0x08003ee1   Thumb Code   454  function.o(i.erase_user_match_page)
    erase_user_one_page                      0x0800415d   Thumb Code   322  function.o(i.erase_user_one_page)
    erase_user_picc_page                     0x08004339   Thumb Code   170  function.o(i.erase_user_picc_page)
    factory_reset_page                       0x0800446d   Thumb Code   206  function.o(i.factory_reset_page)
    fputc                                    0x080045a9   Thumb Code    22  selfprintf.o(i.fputc)
    iic_IO_init                              0x080045c5   Thumb Code   124  at24cxx.o(i.iic_IO_init)
    iic_get_ack                              0x0800464d   Thumb Code    96  at24cxx.o(i.iic_get_ack)
    iic_read_byte                            0x080046b5   Thumb Code   110  at24cxx.o(i.iic_read_byte)
    iic_send_ack                             0x0800472d   Thumb Code    88  at24cxx.o(i.iic_send_ack)
    iic_send_byte                            0x0800478d   Thumb Code   108  at24cxx.o(i.iic_send_byte)
    iic_star                                 0x08004801   Thumb Code    76  at24cxx.o(i.iic_star)
    iic_stop                                 0x08004855   Thumb Code    64  at24cxx.o(i.iic_stop)
    iwdg_feed                                0x0800489d   Thumb Code    10  iwdg.o(i.iwdg_feed)
    iwdg_init                                0x080048ad   Thumb Code    58  iwdg.o(i.iwdg_init)
    key_init                                 0x080048f1   Thumb Code    62  key.o(i.key_init)
    key_scan                                 0x08004939   Thumb Code   136  key.o(i.key_scan)
    led_init                                 0x080049cd   Thumb Code    64  led.o(i.led_init)
    main                                     0x08004a11   Thumb Code   308  main.o(i.main)
    main_page                                0x08004b4d   Thumb Code    96  function.o(i.main_page)
    mg200_ReadFingerprint                    0x08004bd1   Thumb Code   202  mg200.o(i.mg200_ReadFingerprint)
    mg200_init                               0x08004e75   Thumb Code    76  mg200.o(i.mg200_init)
    mg200_page                               0x08004ec5   Thumb Code   422  function.o(i.mg200_page)
    mg200_read_cmd                           0x08005181   Thumb Code   116  mg200.o(i.mg200_read_cmd)
    mg200_register                           0x080051fd   Thumb Code   646  mg200.o(i.mg200_register)
    mg200_send_command                       0x08005619   Thumb Code    50  mg200.o(i.mg200_send_command)
    mg200_usart6Init                         0x08005659   Thumb Code   204  usart.o(i.mg200_usart6Init)
    motor_control                            0x0800572d   Thumb Code    54  door.o(i.motor_control)
    open_fingerprint                         0x08005769   Thumb Code   390  function.o(i.open_fingerprint)
    open_passward                            0x08005975   Thumb Code   720  function.o(i.open_passward)
    password_page                            0x08005c95   Thumb Code   524  function.o(i.password_page)
    picc_user_page                           0x08005f45   Thumb Code   208  function.o(i.picc_user_page)
    read_status                              0x08006095   Thumb Code    36  w25q64.o(i.read_status)
    rfid_page                                0x080060bd   Thumb Code   368  function.o(i.rfid_page)
    rtc_get_sys                              0x08006339   Thumb Code   208  rtc.o(i.rtc_get_sys)
    rtc_init                                 0x08006419   Thumb Code   158  rtc.o(i.rtc_init)
    rtc_set_time                             0x080064c1   Thumb Code    88  rtc.o(i.rtc_set_time)
    rtc_weekday_get                          0x08006519   Thumb Code   202  rtc.o(i.rtc_weekday_get)
    st7789vm_rest                            0x080065f9   Thumb Code    30  lcd.o(i.st7789vm_rest)
    st7789vm_write_command                   0x0800661d   Thumb Code    42  lcd.o(i.st7789vm_write_command)
    st7789vm_write_command_parameter         0x0800664d   Thumb Code    42  lcd.o(i.st7789vm_write_command_parameter)
    st7789vm_write_data                      0x0800667d   Thumb Code    48  lcd.o(i.st7789vm_write_data)
    tim2_ch2_pwm                             0x080066b1   Thumb Code   174  door.o(i.tim2_ch2_pwm)
    tim3_ch1_pwm                             0x08006765   Thumb Code   168  door.o(i.tim3_ch1_pwm)
    tim4_ch4_led3_init                       0x08006815   Thumb Code   170  tim.o(i.tim4_ch4_led3_init)
    tim5Delay_Ms                             0x080068c9   Thumb Code   116  delay.o(i.tim5Delay_Ms)
    tim5Delay_Us                             0x08006941   Thumb Code   110  delay.o(i.tim5Delay_Us)
    tim9_it_ms                               0x080069b5   Thumb Code   128  tim.o(i.tim9_it_ms)
    usart1Init                               0x08006a39   Thumb Code   194  usart.o(i.usart1Init)
    voice                                    0x08006b05   Thumb Code    56  voice.o(i.voice)
    voice_head                               0x08006b41   Thumb Code    32  voice.o(i.voice_head)
    voice_hig                                0x08006b65   Thumb Code    36  voice.o(i.voice_hig)
    voice_init                               0x08006b8d   Thumb Code    84  voice.o(i.voice_init)
    voice_light_page                         0x08006be5   Thumb Code   252  function.o(i.voice_light_page)
    voice_low                                0x08006db9   Thumb Code    36  voice.o(i.voice_low)
    w25q64_Spi_bayte                         0x08006de1   Thumb Code    54  w25q64.o(i.w25q64_Spi_bayte)
    w25q64_block_erase                       0x08006e1d   Thumb Code    68  w25q64.o(i.w25q64_block_erase)
    w25q64_blocks                            0x08006e65   Thumb Code    28  w25q64.o(i.w25q64_blocks)
    w25q64_init                              0x08006e81   Thumb Code    64  w25q64.o(i.w25q64_init)
    w25q64_page_write                        0x08006ec5   Thumb Code   112  w25q64.o(i.w25q64_page_write)
    w25q64_read                              0x08006f39   Thumb Code    76  w25q64.o(i.w25q64_read)
    w25q64_spi_init                          0x08006f89   Thumb Code   162  w25q64.o(i.w25q64_spi_init)
    wirite_enable                            0x08007035   Thumb Code    26  w25q64.o(i.wirite_enable)
    write_status                             0x08007055   Thumb Code    50  w25q64.o(i.write_status)
    zk_update                                0x0800708d   Thumb Code    40  function.o(i.zk_update)
    _fp_init                                 0x080070e5   Thumb Code    10  fpinit.o(x$fpl$fpinit)
    __fplib_config_fpu_vfp                   0x080070ed   Thumb Code     0  fpinit.o(x$fpl$fpinit)
    __fplib_config_pureend_doubles           0x080070ed   Thumb Code     0  fpinit.o(x$fpl$fpinit)
    numb_table                               0x080070ee   Data          19  font.o(.constdata)
    number48                                 0x08007101   Data        5184  font.o(.constdata)
    ASC16                                    0x08008541   Data        1520  font.o(.constdata)
    ASC32                                    0x08008b31   Data        6080  font.o(.constdata)
    HZ                                       0x0800a2f1   Data          11  font.o(.constdata)
    HZ16                                     0x0800a2fc   Data         160  font.o(.constdata)
    HZ32                                     0x0800a39c   Data         640  font.o(.constdata)
    gImage_systemPic                         0x0800a61c   Data       115208  systempic.o(.constdata)
    Region$$Table$$Base                      0x08026860   Number         0  anon$$obj.o(Region$$Table)
    Region$$Table$$Limit                     0x08026880   Number         0  anon$$obj.o(Region$$Table)
    zk_flag                                  0x20000000   Data           1  main.o(.data)
    key_val                                  0x20000001   Data           1  main.o(.data)
    page_mode                                0x20000002   Data           2  main.o(.data)
    RTC_TimeStruct                           0x20000004   Data           4  main.o(.data)
    RTC_DateStruct                           0x20000008   Data           4  main.o(.data)
    mg200_buff                               0x2000000c   Data           8  main.o(.data)
    mg200_rec_flag                           0x20000014   Data           1  main.o(.data)
    picc_passward                            0x20000015   Data           6  main.o(.data)
    __stdout                                 0x20000028   Data           4  selfprintf.o(.data)
    sys_time                                 0x20000079   Data           7  rtc.o(.data)
    time                                     0x20000080   Data           9  rtc.o(.data)
    data                                     0x20000089   Data          12  rtc.o(.data)
    month                                    0x20000095   Data          48  rtc.o(.data)
    usart1                                   0x200000d8   Data         108  main.o(.bss)
    tim9_count                               0x20000144   Data          20  main.o(.bss)
    mg200_id                                 0x20000158   Data           9  main.o(.bss)
    picc                                     0x20000161   Data          36  main.o(.bss)
    picc_id                                  0x20000185   Data          16  main.o(.bss)
    __libspace_start                         0x200001b4   Data          96  libspace.o(.bss)
    __temporary_stack_top$libspace           0x20000214   Data           0  libspace.o(.bss)



==============================================================================

Memory Map of the image

  Image Entry point : 0x08000195

  Load Region LR_IROM1 (Base: 0x08000000, Size: 0x00026958, Max: 0x00080000, ABSOLUTE)

    Execution Region ER_IROM1 (Exec base: 0x08000000, Load base: 0x08000000, Size: 0x00026880, Max: 0x00080000, ABSOLUTE)

    Exec Addr    Load Addr    Size         Type   Attr      Idx    E Section Name        Object

    0x08000000   0x08000000   0x00000194   Data   RO            3    RESET               startup_stm32f401xx.o
    0x08000194   0x08000194   0x00000008   Code   RO         6176  * !!!main             c_w.l(__main.o)
    0x0800019c   0x0800019c   0x00000034   Code   RO         6348    !!!scatter          c_w.l(__scatter.o)
    0x080001d0   0x080001d0   0x0000001a   Code   RO         6350    !!handler_copy      c_w.l(__scatter_copy.o)
    0x080001ea   0x080001ea   0x00000002   PAD
    0x080001ec   0x080001ec   0x0000001c   Code   RO         6352    !!handler_zi        c_w.l(__scatter_zi.o)
    0x08000208   0x08000208   0x00000000   Code   RO         6165    .ARM.Collect$$_printf_percent$$00000000  c_w.l(_printf_percent.o)
    0x08000208   0x08000208   0x00000006   Code   RO         6163    .ARM.Collect$$_printf_percent$$00000009  c_w.l(_printf_d.o)
    0x0800020e   0x0800020e   0x00000006   Code   RO         6164    .ARM.Collect$$_printf_percent$$0000000A  c_w.l(_printf_u.o)
    0x08000214   0x08000214   0x00000006   Code   RO         6162    .ARM.Collect$$_printf_percent$$0000000C  c_w.l(_printf_x.o)
    0x0800021a   0x0800021a   0x00000004   Code   RO         6189    .ARM.Collect$$_printf_percent$$00000017  c_w.l(_printf_percent_end.o)
    0x0800021e   0x0800021e   0x00000002   Code   RO         6222    .ARM.Collect$$libinit$$00000000  c_w.l(libinit.o)
    0x08000220   0x08000220   0x00000004   Code   RO         6228    .ARM.Collect$$libinit$$00000001  c_w.l(libinit2.o)
    0x08000224   0x08000224   0x00000000   Code   RO         6231    .ARM.Collect$$libinit$$00000004  c_w.l(libinit2.o)
    0x08000224   0x08000224   0x00000000   Code   RO         6234    .ARM.Collect$$libinit$$0000000A  c_w.l(libinit2.o)
    0x08000224   0x08000224   0x00000000   Code   RO         6236    .ARM.Collect$$libinit$$0000000C  c_w.l(libinit2.o)
    0x08000224   0x08000224   0x00000000   Code   RO         6238    .ARM.Collect$$libinit$$0000000E  c_w.l(libinit2.o)
    0x08000224   0x08000224   0x00000000   Code   RO         6241    .ARM.Collect$$libinit$$00000011  c_w.l(libinit2.o)
    0x08000224   0x08000224   0x00000000   Code   RO         6243    .ARM.Collect$$libinit$$00000013  c_w.l(libinit2.o)
    0x08000224   0x08000224   0x00000000   Code   RO         6245    .ARM.Collect$$libinit$$00000015  c_w.l(libinit2.o)
    0x08000224   0x08000224   0x00000000   Code   RO         6247    .ARM.Collect$$libinit$$00000017  c_w.l(libinit2.o)
    0x08000224   0x08000224   0x00000000   Code   RO         6249    .ARM.Collect$$libinit$$00000019  c_w.l(libinit2.o)
    0x08000224   0x08000224   0x00000000   Code   RO         6251    .ARM.Collect$$libinit$$0000001B  c_w.l(libinit2.o)
    0x08000224   0x08000224   0x00000000   Code   RO         6253    .ARM.Collect$$libinit$$0000001D  c_w.l(libinit2.o)
    0x08000224   0x08000224   0x00000000   Code   RO         6255    .ARM.Collect$$libinit$$0000001F  c_w.l(libinit2.o)
    0x08000224   0x08000224   0x00000000   Code   RO         6257    .ARM.Collect$$libinit$$00000021  c_w.l(libinit2.o)
    0x08000224   0x08000224   0x00000000   Code   RO         6259    .ARM.Collect$$libinit$$00000023  c_w.l(libinit2.o)
    0x08000224   0x08000224   0x00000000   Code   RO         6261    .ARM.Collect$$libinit$$00000025  c_w.l(libinit2.o)
    0x08000224   0x08000224   0x00000000   Code   RO         6265    .ARM.Collect$$libinit$$0000002C  c_w.l(libinit2.o)
    0x08000224   0x08000224   0x00000000   Code   RO         6267    .ARM.Collect$$libinit$$0000002E  c_w.l(libinit2.o)
    0x08000224   0x08000224   0x00000000   Code   RO         6269    .ARM.Collect$$libinit$$00000030  c_w.l(libinit2.o)
    0x08000224   0x08000224   0x00000000   Code   RO         6271    .ARM.Collect$$libinit$$00000032  c_w.l(libinit2.o)
    0x08000224   0x08000224   0x00000002   Code   RO         6272    .ARM.Collect$$libinit$$00000033  c_w.l(libinit2.o)
    0x08000226   0x08000226   0x00000002   Code   RO         6290    .ARM.Collect$$libshutdown$$00000000  c_w.l(libshutdown.o)
    0x08000228   0x08000228   0x00000000   Code   RO         6300    .ARM.Collect$$libshutdown$$00000002  c_w.l(libshutdown2.o)
    0x08000228   0x08000228   0x00000000   Code   RO         6302    .ARM.Collect$$libshutdown$$00000004  c_w.l(libshutdown2.o)
    0x08000228   0x08000228   0x00000000   Code   RO         6305    .ARM.Collect$$libshutdown$$00000007  c_w.l(libshutdown2.o)
    0x08000228   0x08000228   0x00000000   Code   RO         6308    .ARM.Collect$$libshutdown$$0000000A  c_w.l(libshutdown2.o)
    0x08000228   0x08000228   0x00000000   Code   RO         6310    .ARM.Collect$$libshutdown$$0000000C  c_w.l(libshutdown2.o)
    0x08000228   0x08000228   0x00000000   Code   RO         6313    .ARM.Collect$$libshutdown$$0000000F  c_w.l(libshutdown2.o)
    0x08000228   0x08000228   0x00000002   Code   RO         6314    .ARM.Collect$$libshutdown$$00000010  c_w.l(libshutdown2.o)
    0x0800022a   0x0800022a   0x00000000   Code   RO         6180    .ARM.Collect$$rtentry$$00000000  c_w.l(__rtentry.o)
    0x0800022a   0x0800022a   0x00000000   Code   RO         6193    .ARM.Collect$$rtentry$$00000002  c_w.l(__rtentry2.o)
    0x0800022a   0x0800022a   0x00000006   Code   RO         6205    .ARM.Collect$$rtentry$$00000004  c_w.l(__rtentry4.o)
    0x08000230   0x08000230   0x00000000   Code   RO         6195    .ARM.Collect$$rtentry$$00000009  c_w.l(__rtentry2.o)
    0x08000230   0x08000230   0x00000004   Code   RO         6196    .ARM.Collect$$rtentry$$0000000A  c_w.l(__rtentry2.o)
    0x08000234   0x08000234   0x00000000   Code   RO         6198    .ARM.Collect$$rtentry$$0000000C  c_w.l(__rtentry2.o)
    0x08000234   0x08000234   0x00000008   Code   RO         6199    .ARM.Collect$$rtentry$$0000000D  c_w.l(__rtentry2.o)
    0x0800023c   0x0800023c   0x00000002   Code   RO         6226    .ARM.Collect$$rtexit$$00000000  c_w.l(rtexit.o)
    0x0800023e   0x0800023e   0x00000000   Code   RO         6274    .ARM.Collect$$rtexit$$00000002  c_w.l(rtexit2.o)
    0x0800023e   0x0800023e   0x00000004   Code   RO         6275    .ARM.Collect$$rtexit$$00000003  c_w.l(rtexit2.o)
    0x08000242   0x08000242   0x00000006   Code   RO         6276    .ARM.Collect$$rtexit$$00000004  c_w.l(rtexit2.o)
    0x08000248   0x08000248   0x00000040   Code   RO            4    .text               startup_stm32f401xx.o
    0x08000288   0x08000288   0x00000002   Code   RO         6103    .text               c_w.l(use_no_semi_2.o)
    0x0800028a   0x0800028a   0x00000026   Code   RO         6105    .text               c_w.l(llshl.o)
    0x080002b0   0x080002b0   0x00000018   Code   RO         6111    .text               c_w.l(noretval__2printf.o)
    0x080002c8   0x080002c8   0x00000028   Code   RO         6113    .text               c_w.l(noretval__2sprintf.o)
    0x080002f0   0x080002f0   0x0000004e   Code   RO         6117    .text               c_w.l(_printf_pad.o)
    0x0800033e   0x0800033e   0x00000002   PAD
    0x08000340   0x08000340   0x00000078   Code   RO         6119    .text               c_w.l(_printf_dec.o)
    0x080003b8   0x080003b8   0x00000058   Code   RO         6124    .text               c_w.l(_printf_hex_int.o)
    0x08000410   0x08000410   0x00000138   Code   RO         6154    .text               c_w.l(__printf_flags_wp.o)
    0x08000548   0x08000548   0x00000064   Code   RO         6166    .text               c_w.l(rt_memcpy_w.o)
    0x080005ac   0x080005ac   0x00000010   Code   RO         6168    .text               c_w.l(aeabi_memset.o)
    0x080005bc   0x080005bc   0x0000004e   Code   RO         6170    .text               c_w.l(rt_memclr_w.o)
    0x0800060a   0x0800060a   0x00000002   PAD
    0x0800060c   0x0800060c   0x00000080   Code   RO         6172    .text               c_w.l(strcmpv7m.o)
    0x0800068c   0x0800068c   0x00000006   Code   RO         6174    .text               c_w.l(heapauxi.o)
    0x08000692   0x08000692   0x00000002   Code   RO         6178    .text               c_w.l(use_no_semi.o)
    0x08000694   0x08000694   0x000000b2   Code   RO         6181    .text               c_w.l(_printf_intcommon.o)
    0x08000746   0x08000746   0x00000002   PAD
    0x08000748   0x08000748   0x00000030   Code   RO         6183    .text               c_w.l(_printf_char_common.o)
    0x08000778   0x08000778   0x0000000a   Code   RO         6185    .text               c_w.l(_sputc.o)
    0x08000782   0x08000782   0x00000002   PAD
    0x08000784   0x08000784   0x00000024   Code   RO         6187    .text               c_w.l(_printf_char_file.o)
    0x080007a8   0x080007a8   0x00000044   Code   RO         6190    .text               c_w.l(rt_memclr.o)
    0x080007ec   0x080007ec   0x00000008   Code   RO         6209    .text               c_w.l(ferror.o)
    0x080007f4   0x080007f4   0x0000004a   Code   RO         6213    .text               c_w.l(sys_stackheap_outer.o)
    0x0800083e   0x0800083e   0x00000012   Code   RO         6215    .text               c_w.l(exit.o)
    0x08000850   0x08000850   0x00000008   Code   RO         6223    .text               c_w.l(libspace.o)
    0x08000858   0x08000858   0x000000a6   Code   RO          564    i.AT24C0x_read_bytes  at24cxx.o
    0x080008fe   0x080008fe   0x0000004c   Code   RO          565    i.AT24C0x_write_bytes  at24cxx.o
    0x0800094a   0x0800094a   0x00000086   Code   RO          566    i.AT24C0x_write_page  at24cxx.o
    0x080009d0   0x080009d0   0x00000048   Code   RO         1132    i.BS8116_Key_scan   bs8116.o
    0x08000a18   0x08000a18   0x00000110   Code   RO         1133    i.BS8116_ReadKey    bs8116.o
    0x08000b28   0x08000b28   0x0000009c   Code   RO         1135    i.BS8116_Writeregister  bs8116.o
    0x08000bc4   0x08000bc4   0x0000005c   Code   RO         1136    i.BS8116_init       bs8116.o
    0x08000c20   0x08000c20   0x0000006c   Code   RO         1347    i.CalulateCRC       rc522.o
    0x08000c8c   0x08000c8c   0x0000001c   Code   RO         1348    i.ClearBitMask      rc522.o
    0x08000ca8   0x08000ca8   0x0000000c   Code   RO         2745    i.EXTI_ClearITPendingBit  stm32f4xx_exti.o
    0x08000cb4   0x08000cb4   0x00000240   Code   RO          926    i.Enroll_user_page  function.o
    0x08000ef4   0x08000ef4   0x000000e4   Code   RO         1280    i.EraseOne          mg200.o
    0x08000fd8   0x08000fd8   0x00000090   Code   RO         3090    i.GPIO_Init         stm32f4xx_gpio.o
    0x08001068   0x08001068   0x00000046   Code   RO         3091    i.GPIO_PinAFConfig  stm32f4xx_gpio.o
    0x080010ae   0x080010ae   0x00000012   Code   RO         3094    i.GPIO_ReadInputDataBit  stm32f4xx_gpio.o
    0x080010c0   0x080010c0   0x00000004   Code   RO         3097    i.GPIO_ResetBits    stm32f4xx_gpio.o
    0x080010c4   0x080010c4   0x00000004   Code   RO         3098    i.GPIO_SetBits      stm32f4xx_gpio.o
    0x080010c8   0x080010c8   0x00000040   Code   RO          761    i.LCD_IO_init       lcd.o
    0x08001108   0x08001108   0x0000003a   Code   RO          762    i.LCD_Point         lcd.o
    0x08001142   0x08001142   0x00000074   Code   RO          763    i.LCD_Ring          lcd.o
    0x080011b6   0x080011b6   0x00000086   Code   RO          765    i.LCD_dis           lcd.o
    0x0800123c   0x0800123c   0x000000c4   Code   RO          766    i.LCD_dis_ch        lcd.o
    0x08001300   0x08001300   0x00000100   Code   RO          767    i.LCD_dis_hz        lcd.o
    0x08001400   0x08001400   0x000001a0   Code   RO          768    i.LCD_dis_number_pic  lcd.o
    0x080015a0   0x080015a0   0x0000006a   Code   RO          770    i.LCD_dis_pic       lcd.o
    0x0800160a   0x0800160a   0x00000002   PAD
    0x0800160c   0x0800160c   0x00000184   Code   RO          771    i.LCD_init          lcd.o
    0x08001790   0x08001790   0x00000056   Code   RO          772    i.LCD_shiRing       lcd.o
    0x080017e6   0x080017e6   0x00000002   PAD
    0x080017e8   0x080017e8   0x00000040   Code   RO          773    i.LCD_spi_IO_init   lcd.o
    0x08001828   0x08001828   0x0000004c   Code   RO          774    i.LCD_spi_byte      lcd.o
    0x08001874   0x08001874   0x000000a2   Code   RO          775    i.LCD_xy_clear      lcd.o
    0x08001916   0x08001916   0x0000000c   Code   RO         1349    i.MFRC522_AntennaOff  rc522.o
    0x08001922   0x08001922   0x0000001a   Code   RO         1350    i.MFRC522_AntennaOn  rc522.o
    0x0800193c   0x0800193c   0x00000072   Code   RO         1351    i.MFRC522_Anticoll  rc522.o
    0x080019ae   0x080019ae   0x00000074   Code   RO         1352    i.MFRC522_AuthState  rc522.o
    0x08001a22   0x08001a22   0x00000034   Code   RO         1353    i.MFRC522_Halt      rc522.o
    0x08001a56   0x08001a56   0x00000002   PAD
    0x08001a58   0x08001a58   0x00000078   Code   RO         1354    i.MFRC522_Init      rc522.o
    0x08001ad0   0x08001ad0   0x00000056   Code   RO         1355    i.MFRC522_Read      rc522.o
    0x08001b26   0x08001b26   0x00000056   Code   RO         1356    i.MFRC522_Request   rc522.o
    0x08001b7c   0x08001b7c   0x00000084   Code   RO         1357    i.MFRC522_Reset     rc522.o
    0x08001c00   0x08001c00   0x00000072   Code   RO         1358    i.MFRC522_SelectTag  rc522.o
    0x08001c72   0x08001c72   0x0000013a   Code   RO         1359    i.MFRC522_ToCard    rc522.o
    0x08001dac   0x08001dac   0x00000098   Code   RO         1360    i.MFRC522_Write     rc522.o
    0x08001e44   0x08001e44   0x000001fc   Code   RO         1281    i.Match_l_n         mg200.o
    0x08002040   0x08002040   0x00000078   Code   RO         1486    i.NVIC_Init         misc.o
    0x080020b8   0x080020b8   0x00000014   Code   RO         1487    i.NVIC_PriorityGroupConfig  misc.o
    0x080020cc   0x080020cc   0x0000000c   Code   RO         3835    i.PWR_BackupAccessCmd  stm32f4xx_pwr.o
    0x080020d8   0x080020d8   0x00000020   Code   RO         3957    i.RCC_AHB1PeriphClockCmd  stm32f4xx_rcc.o
    0x080020f8   0x080020f8   0x00000020   Code   RO         3966    i.RCC_APB1PeriphClockCmd  stm32f4xx_rcc.o
    0x08002118   0x08002118   0x00000020   Code   RO         3969    i.RCC_APB2PeriphClockCmd  stm32f4xx_rcc.o
    0x08002138   0x08002138   0x000000e8   Code   RO         3978    i.RCC_GetClocksFreq  stm32f4xx_rcc.o
    0x08002220   0x08002220   0x00000040   Code   RO         3979    i.RCC_GetFlagStatus  stm32f4xx_rcc.o
    0x08002260   0x08002260   0x0000000c   Code   RO         3989    i.RCC_LSICmd        stm32f4xx_rcc.o
    0x0800226c   0x0800226c   0x0000000c   Code   RO         4001    i.RCC_RTCCLKCmd     stm32f4xx_rcc.o
    0x08002278   0x08002278   0x0000003c   Code   RO         4002    i.RCC_RTCCLKConfig  stm32f4xx_rcc.o
    0x080022b4   0x080022b4   0x0000001e   Code   RO          361    i.RTC_Alarm_IRQHandler  nvic.o
    0x080022d2   0x080022d2   0x00000016   Code   RO         4359    i.RTC_Bcd2ToByte    stm32f4xx_rtc.o
    0x080022e8   0x080022e8   0x0000001c   Code   RO         4361    i.RTC_ByteToBcd2    stm32f4xx_rtc.o
    0x08002304   0x08002304   0x00000020   Code   RO         4365    i.RTC_ClearITPendingBit  stm32f4xx_rtc.o
    0x08002324   0x08002324   0x00000050   Code   RO         4371    i.RTC_EnterInitMode  stm32f4xx_rtc.o
    0x08002374   0x08002374   0x00000014   Code   RO         4372    i.RTC_ExitInitMode  stm32f4xx_rtc.o
    0x08002388   0x08002388   0x0000004c   Code   RO         4375    i.RTC_GetDate       stm32f4xx_rtc.o
    0x080023d4   0x080023d4   0x00000028   Code   RO         4376    i.RTC_GetFlagStatus  stm32f4xx_rtc.o
    0x080023fc   0x080023fc   0x00000040   Code   RO         4377    i.RTC_GetITStatus   stm32f4xx_rtc.o
    0x0800243c   0x0800243c   0x00000050   Code   RO         4380    i.RTC_GetTime       stm32f4xx_rtc.o
    0x0800248c   0x0800248c   0x00000064   Code   RO         4385    i.RTC_Init          stm32f4xx_rtc.o
    0x080024f0   0x080024f0   0x000000c8   Code   RO         4391    i.RTC_SetDate       stm32f4xx_rtc.o
    0x080025b8   0x080025b8   0x000000d0   Code   RO         4392    i.RTC_SetTime       stm32f4xx_rtc.o
    0x08002688   0x08002688   0x00000016   Code   RO          362    i.RTC_WKUP_IRQHandler  nvic.o
    0x0800269e   0x0800269e   0x00000002   PAD
    0x080026a0   0x080026a0   0x00000060   Code   RO         4408    i.RTC_WaitForSynchro  stm32f4xx_rtc.o
    0x08002700   0x08002700   0x0000001c   Code   RO         4412    i.RTC_WriteProtectionCmd  stm32f4xx_rtc.o
    0x0800271c   0x0800271c   0x00000048   Code   RO         1361    i.Read_MFRC522      rc522.o
    0x08002764   0x08002764   0x00000068   Code   RO         1362    i.SPITransferByte   rc522.o
    0x080027cc   0x080027cc   0x00000018   Code   RO         5077    i.SPI_Cmd           stm32f4xx_spi.o
    0x080027e4   0x080027e4   0x00000012   Code   RO         5085    i.SPI_I2S_GetFlagStatus  stm32f4xx_spi.o
    0x080027f6   0x080027f6   0x00000006   Code   RO         5088    i.SPI_I2S_ReceiveData  stm32f4xx_spi.o
    0x080027fc   0x080027fc   0x00000004   Code   RO         5089    i.SPI_I2S_SendData  stm32f4xx_spi.o
    0x08002800   0x08002800   0x0000003c   Code   RO         5090    i.SPI_Init          stm32f4xx_spi.o
    0x0800283c   0x0800283c   0x0000001c   Code   RO         1363    i.SetBitMask        rc522.o
    0x08002858   0x08002858   0x000000e8   Code   RO           12    i.SetSysClock       system_stm32f4xx.o
    0x08002940   0x08002940   0x00000068   Code   RO           14    i.SystemInit        system_stm32f4xx.o
    0x080029a8   0x080029a8   0x000000a0   Code   RO          363    i.TIM1_BRK_TIM9_IRQHandler  nvic.o
    0x08002a48   0x08002a48   0x00000006   Code   RO         5301    i.TIM_ClearFlag     stm32f4xx_tim.o
    0x08002a4e   0x08002a4e   0x00000006   Code   RO         5302    i.TIM_ClearITPendingBit  stm32f4xx_tim.o
    0x08002a54   0x08002a54   0x00000018   Code   RO         5307    i.TIM_Cmd           stm32f4xx_tim.o
    0x08002a6c   0x08002a6c   0x00000012   Code   RO         5327    i.TIM_GetFlagStatus  stm32f4xx_tim.o
    0x08002a7e   0x08002a7e   0x00000022   Code   RO         5328    i.TIM_GetITStatus   stm32f4xx_tim.o
    0x08002aa0   0x08002aa0   0x00000012   Code   RO         5332    i.TIM_ITConfig      stm32f4xx_tim.o
    0x08002ab2   0x08002ab2   0x00000002   PAD
    0x08002ab4   0x08002ab4   0x0000007c   Code   RO         5336    i.TIM_OC1Init       stm32f4xx_tim.o
    0x08002b30   0x08002b30   0x000000a4   Code   RO         5341    i.TIM_OC2Init       stm32f4xx_tim.o
    0x08002bd4   0x08002bd4   0x00000078   Code   RO         5351    i.TIM_OC4Init       stm32f4xx_tim.o
    0x08002c4c   0x08002c4c   0x00000084   Code   RO         5379    i.TIM_TimeBaseInit  stm32f4xx_tim.o
    0x08002cd0   0x08002cd0   0x00000012   Code   RO         5380    i.TIM_TimeBaseStructInit  stm32f4xx_tim.o
    0x08002ce2   0x08002ce2   0x00000002   PAD
    0x08002ce4   0x08002ce4   0x0000036c   Code   RO         1364    i.Test_ChangeSector15Password  rc522.o
    0x08003050   0x08003050   0x00000118   Code   RO          364    i.USART1_IRQHandler  nvic.o
    0x08003168   0x08003168   0x00000064   Code   RO          365    i.USART6_IRQHandler  nvic.o
    0x080031cc   0x080031cc   0x0000001a   Code   RO          309    i.USART6_SendBytes  usart.o
    0x080031e6   0x080031e6   0x00000002   PAD
    0x080031e8   0x080031e8   0x00000020   Code   RO          310    i.USART6_SendChar   usart.o
    0x08003208   0x08003208   0x0000001e   Code   RO         5854    i.USART_ClearITPendingBit  stm32f4xx_usart.o
    0x08003226   0x08003226   0x00000018   Code   RO         5857    i.USART_Cmd         stm32f4xx_usart.o
    0x0800323e   0x0800323e   0x0000001a   Code   RO         5860    i.USART_GetFlagStatus  stm32f4xx_usart.o
    0x08003258   0x08003258   0x00000054   Code   RO         5861    i.USART_GetITStatus  stm32f4xx_usart.o
    0x080032ac   0x080032ac   0x0000004a   Code   RO         5863    i.USART_ITConfig    stm32f4xx_usart.o
    0x080032f6   0x080032f6   0x00000002   PAD
    0x080032f8   0x080032f8   0x000000d4   Code   RO         5864    i.USART_Init        stm32f4xx_usart.o
    0x080033cc   0x080033cc   0x0000000a   Code   RO         5871    i.USART_ReceiveData  stm32f4xx_usart.o
    0x080033d6   0x080033d6   0x00000008   Code   RO         5874    i.USART_SendData    stm32f4xx_usart.o
    0x080033de   0x080033de   0x00000002   PAD
    0x080033e0   0x080033e0   0x00000038   Code   RO         1366    i.Write_MFRC522     rc522.o
    0x08003418   0x08003418   0x0000000e   Code   RO         6152    i._is_digit         c_w.l(__printf_wp.o)
    0x08003426   0x08003426   0x00000004   Code   RO          410    i._sys_exit         selfprintf.o
    0x0800342a   0x0800342a   0x00000002   PAD
    0x0800342c   0x0800342c   0x00000274   Code   RO          927    i.admin_page        function.o
    0x080036a0   0x080036a0   0x00000008   Code   RO          567    i.at24c0x_init      at24cxx.o
    0x080036a8   0x080036a8   0x0000008e   Code   RO          568    i.at24c0x_read_byte  at24cxx.o
    0x08003736   0x08003736   0x00000082   Code   RO          569    i.at24c0x_write_byte  at24cxx.o
    0x080037b8   0x080037b8   0x00000040   Code   RO         1137    i.bs8116_iic_IO_init  bs8116.o
    0x080037f8   0x080037f8   0x00000054   Code   RO         1138    i.bs8116_iic_get_ack  bs8116.o
    0x0800384c   0x0800384c   0x00000070   Code   RO         1139    i.bs8116_iic_read_byte  bs8116.o
    0x080038bc   0x080038bc   0x00000060   Code   RO         1140    i.bs8116_iic_send_ack  bs8116.o
    0x0800391c   0x0800391c   0x00000070   Code   RO         1141    i.bs8116_iic_send_byte  bs8116.o
    0x0800398c   0x0800398c   0x00000054   Code   RO         1142    i.bs8116_iic_star   bs8116.o
    0x080039e0   0x080039e0   0x00000040   Code   RO         1143    i.bs8116_iic_stop   bs8116.o
    0x08003a20   0x08003a20   0x0000001c   Code   RO          509    i.door_close        door.o
    0x08003a3c   0x08003a3c   0x00000010   Code   RO          510    i.door_init         door.o
    0x08003a4c   0x08003a4c   0x0000001a   Code   RO          511    i.door_open         door.o
    0x08003a66   0x08003a66   0x00000002   PAD
    0x08003a68   0x08003a68   0x000000c0   Code   RO         1282    i.erase_all         mg200.o
    0x08003b28   0x08003b28   0x00000138   Code   RO          928    i.erase_picc_all_page  function.o
    0x08003c60   0x08003c60   0x00000104   Code   RO          929    i.erase_picc_match_page  function.o
    0x08003d64   0x08003d64   0x0000017c   Code   RO          930    i.erase_user_all_page  function.o
    0x08003ee0   0x08003ee0   0x0000027c   Code   RO          931    i.erase_user_match_page  function.o
    0x0800415c   0x0800415c   0x000001dc   Code   RO          932    i.erase_user_one_page  function.o
    0x08004338   0x08004338   0x00000134   Code   RO          933    i.erase_user_picc_page  function.o
    0x0800446c   0x0800446c   0x0000013c   Code   RO          934    i.factory_reset_page  function.o
    0x080045a8   0x080045a8   0x0000001c   Code   RO          411    i.fputc             selfprintf.o
    0x080045c4   0x080045c4   0x00000088   Code   RO          570    i.iic_IO_init       at24cxx.o
    0x0800464c   0x0800464c   0x00000068   Code   RO          571    i.iic_get_ack       at24cxx.o
    0x080046b4   0x080046b4   0x00000078   Code   RO          572    i.iic_read_byte     at24cxx.o
    0x0800472c   0x0800472c   0x00000060   Code   RO          573    i.iic_send_ack      at24cxx.o
    0x0800478c   0x0800478c   0x00000074   Code   RO          574    i.iic_send_byte     at24cxx.o
    0x08004800   0x08004800   0x00000054   Code   RO          575    i.iic_star          at24cxx.o
    0x08004854   0x08004854   0x00000048   Code   RO          576    i.iic_stop          at24cxx.o
    0x0800489c   0x0800489c   0x00000010   Code   RO         1102    i.iwdg_feed         iwdg.o
    0x080048ac   0x080048ac   0x00000044   Code   RO         1103    i.iwdg_init         iwdg.o
    0x080048f0   0x080048f0   0x00000048   Code   RO          276    i.key_init          key.o
    0x08004938   0x08004938   0x00000094   Code   RO          277    i.key_scan          key.o
    0x080049cc   0x080049cc   0x00000044   Code   RO          248    i.led_init          led.o
    0x08004a10   0x08004a10   0x0000013c   Code   RO          129    i.main              main.o
    0x08004b4c   0x08004b4c   0x00000084   Code   RO          935    i.main_page         function.o
    0x08004bd0   0x08004bd0   0x000002a4   Code   RO         1283    i.mg200_ReadFingerprint  mg200.o
    0x08004e74   0x08004e74   0x00000050   Code   RO         1284    i.mg200_init        mg200.o
    0x08004ec4   0x08004ec4   0x000002bc   Code   RO          936    i.mg200_page        function.o
    0x08005180   0x08005180   0x0000007c   Code   RO         1285    i.mg200_read_cmd    mg200.o
    0x080051fc   0x080051fc   0x0000041c   Code   RO         1286    i.mg200_register    mg200.o
    0x08005618   0x08005618   0x00000040   Code   RO         1287    i.mg200_send_command  mg200.o
    0x08005658   0x08005658   0x000000d4   Code   RO          311    i.mg200_usart6Init  usart.o
    0x0800572c   0x0800572c   0x0000003c   Code   RO          512    i.motor_control     door.o
    0x08005768   0x08005768   0x0000020c   Code   RO          937    i.open_fingerprint  function.o
    0x08005974   0x08005974   0x00000320   Code   RO          938    i.open_passward     function.o
    0x08005c94   0x08005c94   0x000002b0   Code   RO          939    i.password_page     function.o
    0x08005f44   0x08005f44   0x00000150   Code   RO          940    i.picc_user_page    function.o
    0x08006094   0x08006094   0x00000028   Code   RO          666    i.read_status       w25q64.o
    0x080060bc   0x080060bc   0x0000027c   Code   RO          941    i.rfid_page         function.o
    0x08006338   0x08006338   0x000000e0   Code   RO         1225    i.rtc_get_sys       rtc.o
    0x08006418   0x08006418   0x000000a8   Code   RO         1226    i.rtc_init          rtc.o
    0x080064c0   0x080064c0   0x00000058   Code   RO         1227    i.rtc_set_time      rtc.o
    0x08006518   0x08006518   0x000000e0   Code   RO         1228    i.rtc_weekday_get   rtc.o
    0x080065f8   0x080065f8   0x00000024   Code   RO          776    i.st7789vm_rest     lcd.o
    0x0800661c   0x0800661c   0x00000030   Code   RO          777    i.st7789vm_write_command  lcd.o
    0x0800664c   0x0800664c   0x00000030   Code   RO          778    i.st7789vm_write_command_parameter  lcd.o
    0x0800667c   0x0800667c   0x00000034   Code   RO          779    i.st7789vm_write_data  lcd.o
    0x080066b0   0x080066b0   0x000000b4   Code   RO          513    i.tim2_ch2_pwm      door.o
    0x08006764   0x08006764   0x000000b0   Code   RO          514    i.tim3_ch1_pwm      door.o
    0x08006814   0x08006814   0x000000b4   Code   RO          443    i.tim4_ch4_led3_init  tim.o
    0x080068c8   0x080068c8   0x00000078   Code   RO          473    i.tim5Delay_Ms      delay.o
    0x08006940   0x08006940   0x00000074   Code   RO          474    i.tim5Delay_Us      delay.o
    0x080069b4   0x080069b4   0x00000084   Code   RO          444    i.tim9_it_ms        tim.o
    0x08006a38   0x08006a38   0x000000cc   Code   RO          312    i.usart1Init        usart.o
    0x08006b04   0x08006b04   0x0000003c   Code   RO         1054    i.voice             voice.o
    0x08006b40   0x08006b40   0x00000024   Code   RO         1055    i.voice_head        voice.o
    0x08006b64   0x08006b64   0x00000028   Code   RO         1056    i.voice_hig         voice.o
    0x08006b8c   0x08006b8c   0x00000058   Code   RO         1057    i.voice_init        voice.o
    0x08006be4   0x08006be4   0x000001d4   Code   RO          942    i.voice_light_page  function.o
    0x08006db8   0x08006db8   0x00000028   Code   RO         1058    i.voice_low         voice.o
    0x08006de0   0x08006de0   0x0000003c   Code   RO          667    i.w25q64_Spi_bayte  w25q64.o
    0x08006e1c   0x08006e1c   0x00000048   Code   RO          668    i.w25q64_block_erase  w25q64.o
    0x08006e64   0x08006e64   0x0000001c   Code   RO          669    i.w25q64_blocks     w25q64.o
    0x08006e80   0x08006e80   0x00000044   Code   RO          671    i.w25q64_init       w25q64.o
    0x08006ec4   0x08006ec4   0x00000074   Code   RO          672    i.w25q64_page_write  w25q64.o
    0x08006f38   0x08006f38   0x00000050   Code   RO          673    i.w25q64_read       w25q64.o
    0x08006f88   0x08006f88   0x000000ac   Code   RO          675    i.w25q64_spi_init   w25q64.o
    0x08007034   0x08007034   0x00000020   Code   RO          676    i.wirite_enable     w25q64.o
    0x08007054   0x08007054   0x00000038   Code   RO          677    i.write_status      w25q64.o
    0x0800708c   0x0800708c   0x00000058   Code   RO          943    i.zk_update         function.o
    0x080070e4   0x080070e4   0x0000000a   Code   RO         6282    x$fpl$fpinit        fz_wm.l(fpinit.o)
    0x080070ee   0x080070ee   0x0000352e   Data   RO          893    .constdata          font.o
    0x0800a61c   0x0800a61c   0x0001c208   Data   RO          916    .constdata          systempic.o
    0x08026824   0x08026824   0x00000028   Data   RO         6125    .constdata          c_w.l(_printf_hex_int.o)
    0x0802684c   0x0802684c   0x00000011   Data   RO         6155    .constdata          c_w.l(__printf_flags_wp.o)
    0x0802685d   0x0802685d   0x00000003   PAD
    0x08026860   0x08026860   0x00000020   Data   RO         6346    Region$$Table       anon$$obj.o


    Execution Region RW_IRAM1 (Exec base: 0x20000000, Load base: 0x08026880, Size: 0x00000818, Max: 0x00018000, ABSOLUTE)

    Exec Addr    Load Addr    Size         Type   Attr      Idx    E Section Name        Object

    0x20000000   0x08026880   0x0000001b   Data   RW          131    .data               main.o
    0x2000001b   0x0802689b   0x00000001   Data   RW          278    .data               key.o
    0x2000001c   0x0802689c   0x0000000a   Data   RW          366    .data               nvic.o
    0x20000026   0x080268a6   0x00000002   PAD
    0x20000028   0x080268a8   0x00000004   Data   RW          412    .data               selfprintf.o
    0x2000002c   0x080268ac   0x0000004c   Data   RW          945    .data               function.o
    0x20000078   0x080268f8   0x00000001   Data   RW         1144    .data               bs8116.o
    0x20000079   0x080268f9   0x0000004c   Data   RW         1229    .data               rtc.o
    0x200000c5   0x08026945   0x00000002   Data   RW         1288    .data               mg200.o
    0x200000c7   0x08026947   0x00000001   Data   RW         1367    .data               rc522.o
    0x200000c8   0x08026948   0x00000010   Data   RW         4010    .data               stm32f4xx_rcc.o
    0x200000d8        -       0x000000bd   Zero   RW          130    .bss                main.o
    0x20000195        -       0x0000001d   Zero   RW          944    .bss                function.o
    0x200001b2   0x08026958   0x00000002   PAD
    0x200001b4        -       0x00000060   Zero   RW         6224    .bss                c_w.l(libspace.o)
    0x20000214   0x08026958   0x00000004   PAD
    0x20000218        -       0x00000200   Zero   RW            2    HEAP                startup_stm32f401xx.o
    0x20000418        -       0x00000400   Zero   RW            1    STACK               startup_stm32f401xx.o


==============================================================================

Image component sizes


      Code (inc. data)   RO Data    RW Data    ZI Data      Debug   Object Name

      1384         62          0          0          0       8529   at24cxx.o
      1208         82          0          1          0       6934   bs8116.o
       236         10          0          0          0       1206   delay.o
       486         24          0          0          0       3271   door.o
         0          0      13614          0          0        823   font.o
      8264       2716          0         76         29      13894   function.o
        84         16          0          0          0        892   iwdg.o
       220         22          0          1          0       1110   key.o
      2306         64          0          0          0      12519   lcd.o
        68          4          0          0          0        515   led.o
       316         30          0         27        189     202835   main.o
      2924       1266          0          2          0       6383   mg200.o
       140         24          0          0          0       2071   misc.o
       592         94          0         10          0       2764   nvic.o
      2596        518          0          1          0      13673   rc522.o
       704         48          0         76          0       3185   rtc.o
        32          6          0          4          0       2838   selfprintf.o
        64         26        404          0       1536        940   startup_stm32f401xx.o
        12          6          0          0          0        657   stm32f4xx_exti.o
       240          0          0          0          0       4403   stm32f4xx_gpio.o
        12          6          0          0          0        650   stm32f4xx_pwr.o
       476         62          0         16          0       8195   stm32f4xx_rcc.o
      1074         80          0          0          0      11754   stm32f4xx_rtc.o
       112          0          0          0          0       4374   stm32f4xx_spi.o
       664         56          0          0          0       9149   stm32f4xx_tim.o
       468          8          0          0          0       7351   stm32f4xx_usart.o
       336         32          0          0          0      78021   system_stm32f4xx.o
         0          0     115208          0          0        595   systempic.o
       312         14          0          0          0       1330   tim.o
       474         22          0          0          0       3057   usart.o
       264         20          0          0          0       2526   voice.o
       724         48          0          0          0       6219   w25q64.o

    ----------------------------------------------------------------------
     26814       5366     129258        216       1756     422663   Object Totals
         0          0         32          0          0          0   (incl. Generated)
        22          0          0          2          2          0   (incl. Padding)

    ----------------------------------------------------------------------

      Code (inc. data)   RO Data    RW Data    ZI Data      Debug   Library Member Name

         8          0          0          0          0         68   __main.o
       312          4         17          0          0         92   __printf_flags_wp.o
        14          0          0          0          0         68   __printf_wp.o
         0          0          0          0          0          0   __rtentry.o
        12          0          0          0          0          0   __rtentry2.o
         6          0          0          0          0          0   __rtentry4.o
        52          8          0          0          0          0   __scatter.o
        26          0          0          0          0          0   __scatter_copy.o
        28          0          0          0          0          0   __scatter_zi.o
        48          6          0          0          0         96   _printf_char_common.o
        36          4          0          0          0         80   _printf_char_file.o
         6          0          0          0          0          0   _printf_d.o
       120         16          0          0          0         92   _printf_dec.o
        88          4         40          0          0         88   _printf_hex_int.o
       178          0          0          0          0         88   _printf_intcommon.o
        78          0          0          0          0        108   _printf_pad.o
         0          0          0          0          0          0   _printf_percent.o
         4          0          0          0          0          0   _printf_percent_end.o
         6          0          0          0          0          0   _printf_u.o
         6          0          0          0          0          0   _printf_x.o
        10          0          0          0          0         68   _sputc.o
        16          0          0          0          0         68   aeabi_memset.o
        18          0          0          0          0         80   exit.o
         8          0          0          0          0         68   ferror.o
         6          0          0          0          0        152   heapauxi.o
         2          0          0          0          0          0   libinit.o
         6          0          0          0          0          0   libinit2.o
         2          0          0          0          0          0   libshutdown.o
         2          0          0          0          0          0   libshutdown2.o
         8          4          0          0         96         68   libspace.o
        38          0          0          0          0         68   llshl.o
        24          4          0          0          0         84   noretval__2printf.o
        40          6          0          0          0         84   noretval__2sprintf.o
        68          0          0          0          0         68   rt_memclr.o
        78          0          0          0          0         80   rt_memclr_w.o
       100          0          0          0          0         80   rt_memcpy_w.o
         2          0          0          0          0          0   rtexit.o
        10          0          0          0          0          0   rtexit2.o
       128          0          0          0          0         68   strcmpv7m.o
        74          0          0          0          0         80   sys_stackheap_outer.o
         2          0          0          0          0         68   use_no_semi.o
         2          0          0          0          0         68   use_no_semi_2.o
        10          0          0          0          0        116   fpinit.o

    ----------------------------------------------------------------------
      1692         56         60          0        100       2148   Library Totals
        10          0          3          0          4          0   (incl. Padding)

    ----------------------------------------------------------------------

      Code (inc. data)   RO Data    RW Data    ZI Data      Debug   Library Name

      1672         56         57          0         96       2032   c_w.l
        10          0          0          0          0        116   fz_wm.l

    ----------------------------------------------------------------------
      1692         56         60          0        100       2148   Library Totals

    ----------------------------------------------------------------------

==============================================================================


      Code (inc. data)   RO Data    RW Data    ZI Data      Debug   

     28506       5422     129318        216       1856     405319   Grand Totals
     28506       5422     129318        216       1856     405319   ELF Image Totals
     28506       5422     129318        216          0          0   ROM Totals

==============================================================================

    Total RO  Size (Code + RO Data)               157824 ( 154.13kB)
    Total RW  Size (RW Data + ZI Data)              2072 (   2.02kB)
    Total ROM Size (Code + RO Data + RW Data)     158040 ( 154.34kB)

==============================================================================

